03.10.2014/09:39:24	Start to read the names of all htm files...
03.10.2014/09:39:24	Number of the htm files: 1813
03.10.2014/09:39:24	ERROR: The toc entry uczajw.htmdoes not exist!
03.10.2014/09:39:24	ERROR: The toc entry uczamb.htmdoes not exist!
03.10.2014/09:39:24	Path of the Documentation:                 C:\Documentation\OM\MAIN\Docu\others\help\german\UC4
03.10.2014/09:39:24	Path of the content folder:           C:\Documentation\OM\MAIN\Docu\others\help\german\UC4\Content
03.10.2014/09:39:24	Path of the table of contents folder: C:\Documentation\OM\MAIN\Docu\others\help\german\UC4\Project\TOCs
03.10.2014/09:39:24	Path of the common folder: C:\Documentation\OM\MAIN\Docu\others\help\german\UC4\Content
03.10.2014/09:39:24	Name and Path of the TOC File: Primary.fltoc
03.10.2014/09:39:24	Name of the Projectfile: UC4.flprj
03.10.2014/09:39:24	Language: en
03.10.2014/09:39:24	Start to generate files for merged HTML Help...
03.10.2014/09:39:24	Path of the HtmlHelp folder:              C:\Documentation\OM\MAIN\Docu\others\help\german\UC4\HtmlHelp
03.10.2014/09:39:24	Start to build the HHP files...
03.10.2014/09:39:24	Processing: ucablk.htm
03.10.2014/09:39:25	ERROR: Link uczajw.htm does not belong to a chapter!
03.10.2014/09:39:25	ERROR: Link uczajw.htm does not belong to a chapter!
03.10.2014/09:39:25	ERROR: Link uczajw.htm does not belong to a chapter!
03.10.2014/09:39:25	ERROR: Link uczajw.htm does not belong to a chapter!
03.10.2014/09:39:25	Processing: ucaaab.htm
03.10.2014/09:39:25	Processing: ucaapg.htm
03.10.2014/09:39:25	Processing: ucacbp.htm
03.10.2014/09:39:25	ERROR: Link uczajw.htm does not belong to a chapter!
03.10.2014/09:39:25	ERROR: Link uczajw.htm does not belong to a chapter!
03.10.2014/09:39:25	Processing: uczaaa.htm
03.10.2014/09:39:25	ERROR: Link uczajw.htm does not belong to a chapter!
03.10.2014/09:39:25	ERROR: Link uczajw.htm does not belong to a chapter!
03.10.2014/09:39:26	Processing: ucaape.htm
03.10.2014/09:39:26	Processing: ucaaad.htm
03.10.2014/09:39:26	Processing: uczaab.htm
03.10.2014/09:39:26	ERROR: Link uczajw.htm does not belong to a chapter!
03.10.2014/09:39:26	ERROR: Link uczajw.htm does not belong to a chapter!
03.10.2014/09:39:26	Processing: ucacwl.htm
03.10.2014/09:39:26	Processing: ucacdx.htm
03.10.2014/09:39:26	Processing: ucacae.htm
03.10.2014/09:39:26	Processing: uczabk.htm
03.10.2014/09:39:26	Processing: ucaasy.htm
03.10.2014/09:39:26	Processing: ucaaaw.htm
03.10.2014/09:39:26	Processing: ucacbu.htm
03.10.2014/09:39:26	Processing: ucacqu.htm
03.10.2014/09:39:26	Processing: ucabos.htm
03.10.2014/09:39:27	Processing: ucacsf.htm
03.10.2014/09:39:27	Processing: ucacor.htm
03.10.2014/09:39:27	Processing: uczals.htm
03.10.2014/09:39:27	Processing: ucabqd.htm
03.10.2014/09:39:27	Processing: ucabmp.htm
03.10.2014/09:39:27	Processing: uczaax.htm
03.10.2014/09:39:27	Processing: ucabfi.htm
03.10.2014/09:39:27	Processing: ucactv.htm
03.10.2014/09:39:27	Processing: ucaboa.htm
03.10.2014/09:39:27	Processing: ucabdf.htm
03.10.2014/09:39:27	Processing: ucaatw.htm
03.10.2014/09:39:27	Processing: ucaccs.htm
03.10.2014/09:39:27	Processing: ucabpq.htm
03.10.2014/09:39:27	Processing: uczaaf.htm
03.10.2014/09:39:27	Processing: ucaaoa.htm
03.10.2014/09:39:27	Processing: ucaadf.htm
03.10.2014/09:39:27	Processing: ucaced.htm
03.10.2014/09:39:27	Processing: ucacap.htm
03.10.2014/09:39:27	Processing: uczabv.htm
03.10.2014/09:39:27	Processing: ucaaij.htm
03.10.2014/09:39:27	Processing: ucaabc.htm
03.10.2014/09:39:27	Processing: ucacra.htm
03.10.2014/09:39:27	Processing: uczakn.htm
03.10.2014/09:39:27	Processing: ucabap.htm
03.10.2014/09:39:27	Processing: ucaarb.htm
03.10.2014/09:39:27	Processing: ucacwe.htm
03.10.2014/09:39:27	Processing: uczabd.htm
03.10.2014/09:39:27	Processing: ucabca.htm
03.10.2014/09:39:27	Processing: ucaahw.htm
03.10.2014/09:39:27	Warning: The source file: C:\Documentation\OM\MAIN\Docu\others\help\german\UC4\Content\Resources\Snippets\x0000212.gif doesnt exist
03.10.2014/09:39:27	Warning: The source file: C:\Documentation\OM\MAIN\Docu\others\help\german\UC4\Content\Resources\Snippets\x0000036.gif doesnt exist
03.10.2014/09:39:27	Warning: The source file: C:\Documentation\OM\MAIN\Docu\others\help\german\UC4\Content\Resources\Snippets\x0000213.gif doesnt exist
03.10.2014/09:39:28	Processing: ucaaap.htm
03.10.2014/09:39:28	Processing: ucacub.htm
03.10.2014/09:39:28	Processing: ucacqn.htm
03.10.2014/09:39:28	Processing: ucabol.htm
03.10.2014/09:39:28	Processing: ucabkx.htm
03.10.2014/09:39:28	Processing: ucabhe.htm
03.10.2014/09:39:28	Processing: ucabdq.htm
03.10.2014/09:39:28	Processing: uczall.htm
03.10.2014/09:39:28	Processing: uczaaq.htm
03.10.2014/09:39:28	Processing: ucacmh.htm
03.10.2014/09:39:28	Processing: uczacb.htm
03.10.2014/09:39:28	Processing: ucaaiu.htm
03.10.2014/09:39:28	Processing: ucaabn.htm
03.10.2014/09:39:28	Processing: ucabpj.htm
03.10.2014/09:39:28	Processing: ucaany.htm
03.10.2014/09:39:28	Processing: ucacai.htm
03.10.2014/09:39:28	Processing: ucaclu.htm
03.10.2014/09:39:28	Processing: uczabo.htm
03.10.2014/09:39:28	Processing: ucaaic.htm
03.10.2014/09:39:28	Processing: ucacya.htm
03.10.2014/09:39:28	Processing: ucacqy.htm
03.10.2014/09:39:28	Processing: ucabow.htm
03.10.2014/09:39:28	Processing: ucabai.htm
03.10.2014/09:39:28	Processing: ucaayb.htm
03.10.2014/09:39:28	Processing: ucaaqz.htm
03.10.2014/09:39:28	Processing: ucacdj.htm
03.10.2014/09:39:28	Processing: ucacsj.htm
03.10.2014/09:39:28	Processing: ucacov.htm
03.10.2014/09:39:28	Processing: uczalw.htm
03.10.2014/09:39:28	Processing: ucabfm.htm
03.10.2014/09:39:29	Processing: ucaahp.htm
03.10.2014/09:39:29	Processing: ucaaai.htm
03.10.2014/09:39:29	Processing: ucactz.htm
03.10.2014/09:39:29	Processing: ucacbg.htm
03.10.2014/09:39:29	Processing: ucaboe.htm
03.10.2014/09:39:29	Processing: ucabkq.htm
03.10.2014/09:39:29	Processing: ucabmb.htm
03.10.2014/09:39:29	Processing: uczaaj.htm
03.10.2014/09:39:29	Processing: ucaaoe.htm
03.10.2014/09:39:29	Processing: ucacat.htm
03.10.2014/09:39:29	Processing: uczabz.htm
03.10.2014/09:39:29	Processing: ucaain.htm
03.10.2014/09:39:29	Processing: ucaabg.htm
03.10.2014/09:39:29	Processing: ucacux.htm
03.10.2014/09:39:29	Processing: ucabpc.htm
03.10.2014/09:39:29	Processing: ucabeh.htm
03.10.2014/09:39:29	Processing: ucabat.htm
03.10.2014/09:39:29	Processing: ucaarf.htm
03.10.2014/09:39:29	Processing: ucaacw.htm
03.10.2014/09:39:29	Processing: ucacwi.htm
03.10.2014/09:39:29	Processing: ucacdu.htm
03.10.2014/09:39:29	Processing: ucacsu.htm
03.10.2014/09:39:29	Processing: ucacpb.htm
03.10.2014/09:39:29	Processing: uczabh.htm
03.10.2014/09:39:29	Processing: ucaasv.htm
03.10.2014/09:39:29	Processing: ucaaat.htm
03.10.2014/09:39:29	Processing: ucacxy.htm
03.10.2014/09:39:29	Processing: ucacbr.htm
03.10.2014/09:39:29	Processing: ucacqr.htm
03.10.2014/09:39:29	Processing: ucabop.htm
03.10.2014/09:39:29	Processing: ucabab.htm
03.10.2014/09:39:29	Processing: ucaaxz.htm
03.10.2014/09:39:29	Processing: ucaace.htm
03.10.2014/09:39:29	Processing: ucacdc.htm
03.10.2014/09:39:30	Processing: ucacsc.htm
03.10.2014/09:39:30	Processing: ucacts.htm
03.10.2014/09:39:30	Processing: ucabrq.htm
03.10.2014/09:39:30	Processing: ucaatt.htm
03.10.2014/09:39:30	Processing: ucaaiy.htm
03.10.2014/09:39:30	Processing: ucacyw.htm
03.10.2014/09:39:30	Processing: ucaccp.htm
03.10.2014/09:39:30	Processing: ucabpn.htm
03.10.2014/09:39:30	Processing: uczaac.htm
03.10.2014/09:39:30	Processing: ucabes.htm
03.10.2014/09:39:30	Processing: ucaadc.htm
03.10.2014/09:39:30	Processing: ucacea.htm
03.10.2014/09:39:30	Processing: ucacta.htm
03.10.2014/09:39:30	The link ucacti.htm in this document has no text!
03.10.2014/09:39:30	-> 
03.10.2014/09:39:30	Processing: ucacam.htm
03.10.2014/09:39:30	Processing: ucacly.htm
03.10.2014/09:39:30	Processing: ucacer.htm
03.10.2014/09:39:30	Processing: uczabs.htm
03.10.2014/09:39:30	Processing: ucaatb.htm
03.10.2014/09:39:30	Processing: ucaaig.htm
03.10.2014/09:39:30	Processing: ucabam.htm
03.10.2014/09:39:30	Processing: ucaaur.htm
03.10.2014/09:39:30	Processing: ucacwb.htm
03.10.2014/09:39:30	Processing: ucacsn.htm
03.10.2014/09:39:30	Processing: ucaclg.htm
03.10.2014/09:39:30	Processing: ucabmx.htm
03.10.2014/09:39:30	Processing: uczaba.htm
03.10.2014/09:39:30	Processing: ucabje.htm
03.10.2014/09:39:30	Processing: ucabfq.htm
03.10.2014/09:39:30	Processing: ucaaht.htm
03.10.2014/09:39:30	Processing: ucaaam.htm
03.10.2014/09:39:30	Warning: The source file: C:\Documentation\OM\MAIN\Docu\others\help\german\UC4\Content\Resources\Snippets\x0000212.gif doesnt exist
03.10.2014/09:39:30	Warning: The source file: C:\Documentation\OM\MAIN\Docu\others\help\german\UC4\Content\Resources\Snippets\x0000036.gif doesnt exist
03.10.2014/09:39:30	Warning: The source file: C:\Documentation\OM\MAIN\Docu\others\help\german\UC4\Content\Resources\Snippets\x0000213.gif doesnt exist
03.10.2014/09:39:31	Processing: ucacqk.htm
03.10.2014/09:39:31	Processing: uczajx.htm
03.10.2014/09:39:31	C:\Documentation\OM\MAIN\Docu\others\help\german\UC4\HtmlHelp\UserGuide\Resources\Images\header_left.png (The system cannot find the path specified) -> C:\Documentation\OM\MAIN\Docu\others\help\german\UC4\Content\Resources\Images\header_left.png
03.10.2014/09:39:31	C:\Documentation\OM\MAIN\Docu\others\help\german\UC4\HtmlHelp\UserGuide\Resources\Images\header_right.png (The system cannot find the path specified) -> C:\Documentation\OM\MAIN\Docu\others\help\german\UC4\Content\Resources\Images\header_right.png
03.10.2014/09:39:31	Processing: ucaboi.htm
03.10.2014/09:39:31	Processing: uczaan.htm
03.10.2014/09:39:31	Processing: ucacme.htm
03.10.2014/09:39:31	Processing: ucaabk.htm
03.10.2014/09:39:31	Processing: ucacci.htm
03.10.2014/09:39:31	Processing: ucabpg.htm
03.10.2014/09:39:31	Processing: ucabax.htm
03.10.2014/09:39:31	Processing: ucaarj.htm
03.10.2014/09:39:31	Processing: ucaanv.htm
03.10.2014/09:39:31	Processing: ucacdy.htm
03.10.2014/09:39:31	Processing: ucacsy.htm
03.10.2014/09:39:31	Processing: ucacaf.htm
03.10.2014/09:39:31	Processing: uczabl.htm
03.10.2014/09:39:31	Processing: ucaasz.htm
03.10.2014/09:39:31	Processing: ucaaax.htm
03.10.2014/09:39:31	Processing: ucacqv.htm
03.10.2014/09:39:31	Processing: ucacnc.htm
03.10.2014/09:39:31	Processing: ucacjo.htm
03.10.2014/09:39:31	Processing: ucabot.htm
03.10.2014/09:39:31	Processing: ucabla.htm
03.10.2014/09:39:31	Processing: ucaaci.htm
03.10.2014/09:39:31	Processing: ucacsg.htm
03.10.2014/09:39:31	Processing: ucacos.htm
03.10.2014/09:39:31	Processing: uczaay.htm
03.10.2014/09:39:31	Processing: ucabfj.htm
03.10.2014/09:39:31	Processing: ucabbv.htm
03.10.2014/09:39:31	Processing: ucaahm.htm
03.10.2014/09:39:31	Processing: ucaaaf.htm
03.10.2014/09:39:31	Processing: ucactw.htm
03.10.2014/09:39:32	Processing: ucacbd.htm
03.10.2014/09:39:32	Processing: ucabob.htm
03.10.2014/09:39:32	Processing: ucabkn.htm
03.10.2014/09:39:32	Processing: ucabdg.htm
03.10.2014/09:39:32	Processing: uczaag.htm
03.10.2014/09:39:32	Processing: ucaaob.htm
03.10.2014/09:39:32	Processing: ucaadg.htm
03.10.2014/09:39:32	Processing: ucacee.htm
03.10.2014/09:39:32	Processing: ucacte.htm
03.10.2014/09:39:32	Processing: ucacaq.htm
03.10.2014/09:39:32	Processing: uczabw.htm
03.10.2014/09:39:32	Processing: ucaaik.htm
03.10.2014/09:39:32	Processing: ucaabd.htm
03.10.2014/09:39:32	Processing: uczako.htm
03.10.2014/09:39:32	Processing: ucabaq.htm
03.10.2014/09:39:32	Processing: ucaarc.htm
03.10.2014/09:39:32	Processing: ucacwf.htm
03.10.2014/09:39:32	Processing: uczabe.htm
03.10.2014/09:39:32	Processing: ucaazz.htm
03.10.2014/09:39:32	Processing: ucaahx.htm
03.10.2014/09:39:32	Processing: ucaaaq.htm
03.10.2014/09:39:32	Processing: ucacqo.htm
03.10.2014/09:39:32	Processing: ucacjh.htm
03.10.2014/09:39:32	Processing: ucabom.htm
03.10.2014/09:39:32	Processing: ucabky.htm
03.10.2014/09:39:32	Processing: ucabdr.htm
03.10.2014/09:39:32	Processing: ucaacb.htm
03.10.2014/09:39:32	Processing: ucacol.htm
03.10.2014/09:39:32	Processing: uczaar.htm
03.10.2014/09:39:32	Processing: ucacmi.htm
03.10.2014/09:39:32	Processing: uczacc.htm
03.10.2014/09:39:32	Processing: ucaaiv.htm
03.10.2014/09:39:32	Processing: ucaabo.htm
03.10.2014/09:39:32	Processing: ucabpk.htm
03.10.2014/09:39:32	Processing: ucabep.htm
03.10.2014/09:39:33	Processing: ucaanz.htm
03.10.2014/09:39:33	Processing: ucacaj.htm
03.10.2014/09:39:33	Processing: uczabp.htm
03.10.2014/09:39:33	Processing: ucaaid.htm
03.10.2014/09:39:33	Processing: ucacqz.htm
03.10.2014/09:39:33	Processing: uczakh.htm
03.10.2014/09:39:33	Processing: ucabox.htm
03.10.2014/09:39:33	Processing: ucabaj.htm
03.10.2014/09:39:33	Processing: ucacdk.htm
03.10.2014/09:39:33	Processing: ucacsk.htm
03.10.2014/09:39:33	Processing: ucacow.htm
03.10.2014/09:39:33	Processing: uczalx.htm
03.10.2014/09:39:33	Processing: ucabjb.htm
03.10.2014/09:39:33	Processing: ucabfn.htm
03.10.2014/09:39:33	Processing: ucabbz.htm
03.10.2014/09:39:33	Processing: ucaahq.htm
03.10.2014/09:39:33	Processing: ucaaaj.htm
03.10.2014/09:39:33	Warning: The source file: C:\Documentation\OM\MAIN\Docu\others\help\german\UC4\Content\Resources\Snippets\x0000212.gif doesnt exist
03.10.2014/09:39:33	Warning: The source file: C:\Documentation\OM\MAIN\Docu\others\help\german\UC4\Content\Resources\Snippets\x0000036.gif doesnt exist
03.10.2014/09:39:33	Warning: The source file: C:\Documentation\OM\MAIN\Docu\others\help\german\UC4\Content\Resources\Snippets\x0000213.gif doesnt exist
03.10.2014/09:39:33	Processing: ucacbh.htm
03.10.2014/09:39:33	Processing: ucacqh.htm
03.10.2014/09:39:33	Processing: ucabof.htm
03.10.2014/09:39:33	Processing: ucabkr.htm
03.10.2014/09:39:33	Processing: uczalf.htm
03.10.2014/09:39:33	Processing: uczaak.htm
03.10.2014/09:39:33	Processing: ucaaof.htm
03.10.2014/09:39:33	Processing: ucacti.htm
03.10.2014/09:39:33	Processing: ucacau.htm
03.10.2014/09:39:33	Processing: ucacpu.htm
03.10.2014/09:39:33	Processing: ucabns.htm
03.10.2014/09:39:34	Processing: ucabcx.htm
03.10.2014/09:39:34	Processing: ucaaio.htm
03.10.2014/09:39:34	Processing: ucaabh.htm
03.10.2014/09:39:34	Processing: ucabpd.htm
03.10.2014/09:39:34	Processing: ucabei.htm
03.10.2014/09:39:34	Processing: ucabau.htm
03.10.2014/09:39:34	Processing: ucaans.htm
03.10.2014/09:39:34	Processing: ucaacx.htm
03.10.2014/09:39:34	ERROR: Link ucacvs.htm does not belong to a chapter!
03.10.2014/09:39:34	Processing: ucacwj.htm
03.10.2014/09:39:34	Processing: ucacdv.htm
03.10.2014/09:39:34	Processing: uczabi.htm
03.10.2014/09:39:34	Processing: ucaasw.htm
03.10.2014/09:39:34	Processing: ucaaau.htm
03.10.2014/09:39:34	Processing: ucacxz.htm
03.10.2014/09:39:34	Processing: ucacbs.htm
03.10.2014/09:39:34	Processing: ucacqs.htm
03.10.2014/09:39:34	Processing: ucacjl.htm
03.10.2014/09:39:34	Processing: ucacfx.htm
03.10.2014/09:39:34	Processing: ucaboq.htm
03.10.2014/09:39:34	Processing: ucabac.htm
03.10.2014/09:39:34	Processing: ucacdd.htm
03.10.2014/09:39:34	Processing: ucacsd.htm
03.10.2014/09:39:34	Processing: uczaav.htm
03.10.2014/09:39:34	Processing: ucaatu.htm
03.10.2014/09:39:34	Processing: ucaaiz.htm
03.10.2014/09:39:34	Processing: ucaccq.htm
03.10.2014/09:39:34	Processing: ucabpo.htm
03.10.2014/09:39:34	Processing: uczaad.htm
03.10.2014/09:39:34	Processing: ucaarr.htm
03.10.2014/09:39:34	Processing: ucaadd.htm
03.10.2014/09:39:34	Processing: ucaceb.htm
03.10.2014/09:39:34	Processing: ucactb.htm
03.10.2014/09:39:34	Processing: ucacan.htm
03.10.2014/09:39:34	Processing: ucaclz.htm
03.10.2014/09:39:34	Processing: uczabt.htm
03.10.2014/09:39:35	Processing: ucaatc.htm
03.10.2014/09:39:35	Processing: ucaaih.htm
03.10.2014/09:39:35	The link ucacwa.htm in this document has no text!
03.10.2014/09:39:35	-> 
03.10.2014/09:39:35	Processing: ucacjw.htm
03.10.2014/09:39:35	Processing: ucaban.htm
03.10.2014/09:39:35	Processing: ucaaus.htm
03.10.2014/09:39:35	Processing: ucacwc.htm
03.10.2014/09:39:35	Processing: ucacso.htm
03.10.2014/09:39:35	Processing: ucaclh.htm
03.10.2014/09:39:35	Processing: ucabmy.htm
03.10.2014/09:39:35	Processing: uczabb.htm
03.10.2014/09:39:35	Processing: ucaahu.htm
03.10.2014/09:39:35	Warning: The source file: C:\Documentation\OM\MAIN\Docu\others\help\german\UC4\Content\Resources\Snippets\x0000212.gif doesnt exist
03.10.2014/09:39:35	Warning: The source file: C:\Documentation\OM\MAIN\Docu\others\help\german\UC4\Content\Resources\Snippets\x0000036.gif doesnt exist
03.10.2014/09:39:35	Warning: The source file: C:\Documentation\OM\MAIN\Docu\others\help\german\UC4\Content\Resources\Snippets\x0000213.gif doesnt exist
03.10.2014/09:39:35	Warning: The source file: C:\Documentation\OM\MAIN\Docu\others\help\german\UC4\Content\Resources\Snippets\x0000276.gif doesnt exist
03.10.2014/09:39:35	Processing: ucaaan.htm
03.10.2014/09:39:35	Processing: ucacql.htm
03.10.2014/09:39:35	Processing: ucaboj.htm
03.10.2014/09:39:35	Processing: ucabdo.htm
03.10.2014/09:39:35	Processing: uczalj.htm
03.10.2014/09:39:35	Processing: uczaao.htm
03.10.2014/09:39:35	Processing: ucacay.htm
03.10.2014/09:39:35	Processing: ucacmf.htm
03.10.2014/09:39:35	Processing: ucaais.htm
03.10.2014/09:39:35	Processing: ucaabl.htm
03.10.2014/09:39:35	Processing: ucabph.htm
03.10.2014/09:39:35	Processing: ucaanw.htm
03.10.2014/09:39:35	Processing: ucacag.htm
03.10.2014/09:39:35	Processing: uczabm.htm
03.10.2014/09:39:35	Processing: ucaaia.htm
03.10.2014/09:39:35	Processing: ucacbw.htm
03.10.2014/09:39:35	Processing: ucacqw.htm
03.10.2014/09:39:35	Processing: ucabou.htm
03.10.2014/09:39:35	Processing: ucabdz.htm
03.10.2014/09:39:36	Processing: ucaacj.htm
03.10.2014/09:39:36	Processing: ucacot.htm
03.10.2014/09:39:36	Processing: uczaaz.htm
03.10.2014/09:39:36	Processing: ucabfk.htm
03.10.2014/09:39:36	Processing: ucaahn.htm
03.10.2014/09:39:36	Processing: ucaaag.htm
03.10.2014/09:39:36	Processing: ucactx.htm
03.10.2014/09:39:36	Processing: ucacqe.htm
03.10.2014/09:39:36	Processing: ucaboc.htm
03.10.2014/09:39:36	Processing: ucabko.htm
03.10.2014/09:39:36	Processing: ucacvi.htm
03.10.2014/09:39:36	Processing: uczaah.htm
03.10.2014/09:39:36	Processing: ucabex.htm
03.10.2014/09:39:36	Processing: ucaaoc.htm
03.10.2014/09:39:36	Processing: ucacef.htm
03.10.2014/09:39:36	Processing: ucactf.htm
03.10.2014/09:39:36	Processing: ucacar.htm
03.10.2014/09:39:36	Processing: ucacew.htm
03.10.2014/09:39:36	Processing: uczabx.htm
03.10.2014/09:39:36	Processing: ucaail.htm
03.10.2014/09:39:36	Processing: ucaabe.htm
03.10.2014/09:39:36	Processing: uczakp.htm
03.10.2014/09:39:36	Processing: ucabpa.htm
03.10.2014/09:39:36	Processing: ucabar.htm
03.10.2014/09:39:36	Processing: ucaard.htm
03.10.2014/09:39:36	Processing: ucaacu.htm
03.10.2014/09:39:36	Processing: ucacwg.htm
03.10.2014/09:39:36	Processing: ucacds.htm
03.10.2014/09:39:36	Processing: ucacss.htm
03.10.2014/09:39:36	Processing: uczabf.htm
03.10.2014/09:39:36	Processing: ucabcc.htm
03.10.2014/09:39:36	Processing: ucaast.htm
03.10.2014/09:39:36	Processing: ucaahy.htm
03.10.2014/09:39:36	Processing: ucaaar.htm
03.10.2014/09:39:36	Processing: ucacud.htm
03.10.2014/09:39:36	Processing: ucacqp.htm
03.10.2014/09:39:36	Processing: ucabon.htm
03.10.2014/09:39:36	Processing: ucabds.htm
03.10.2014/09:39:37	Processing: ucaacc.htm
03.10.2014/09:39:37	Processing: uczaas.htm
03.10.2014/09:39:37	Processing: ucaazi.htm
03.10.2014/09:39:37	Processing: ucacmj.htm
03.10.2014/09:39:37	Processing: ucabro.htm
03.10.2014/09:39:37	Processing: ucabda.htm
03.10.2014/09:39:37	Processing: ucaaiw.htm
03.10.2014/09:39:37	Processing: ucaabp.htm
03.10.2014/09:39:37	Processing: ucacyu.htm
03.10.2014/09:39:37	Processing: ucaccn.htm
03.10.2014/09:39:37	Processing: ucabpl.htm
03.10.2014/09:39:37	Processing: ucaada.htm
03.10.2014/09:39:37	Processing: ucacak.htm
03.10.2014/09:39:37	Processing: uczabq.htm
03.10.2014/09:39:37	Processing: ucaaie.htm
03.10.2014/09:39:37	Processing: ucacuo.htm
03.10.2014/09:39:37	Processing: ucacjt.htm
03.10.2014/09:39:37	Processing: ucaboy.htm
03.10.2014/09:39:37	Processing: ucabak.htm
03.10.2014/09:39:37	Processing: ucacsl.htm
03.10.2014/09:39:37	Processing: ucacox.htm
03.10.2014/09:39:37	Processing: ucabfo.htm
03.10.2014/09:39:37	Processing: ucaahr.htm
03.10.2014/09:39:37	Processing: ucaaak.htm
03.10.2014/09:39:37	Processing: ucacqi.htm
03.10.2014/09:39:37	Processing: ucacjb.htm
03.10.2014/09:39:37	Processing: ucabog.htm
03.10.2014/09:39:37	Processing: ucabks.htm
03.10.2014/09:39:37	Processing: ucacvm.htm
03.10.2014/09:39:37	Processing: uczaal.htm
03.10.2014/09:39:37	Processing: ucactj.htm
03.10.2014/09:39:37	Processing: ucacav.htm
03.10.2014/09:39:37	Processing: ucacmc.htm
03.10.2014/09:39:37	Processing: ucaabi.htm
03.10.2014/09:39:38	Processing: ucabpe.htm
03.10.2014/09:39:38	Processing: ucabej.htm
03.10.2014/09:39:38	Processing: ucabav.htm
03.10.2014/09:39:38	Processing: ucaant.htm
03.10.2014/09:39:38	Processing: ucaacy.htm
03.10.2014/09:39:38	Processing: ucacwk.htm
03.10.2014/09:39:38	Processing: ucacdw.htm
03.10.2014/09:39:38	Processing: uczabj.htm
03.10.2014/09:39:38	Processing: ucaasx.htm
03.10.2014/09:39:38	Processing: ucaaav.htm
03.10.2014/09:39:38	Processing: ucacqt.htm
03.10.2014/09:39:38	Processing: ucabor.htm
03.10.2014/09:39:38	Processing: ucacde.htm
03.10.2014/09:39:38	Processing: ucacse.htm
03.10.2014/09:39:38	Processing: ucacoq.htm
03.10.2014/09:39:38	Processing: uczaaw.htm
03.10.2014/09:39:38	Processing: ucaatv.htm
03.10.2014/09:39:38	Processing: ucaccr.htm
03.10.2014/09:39:38	Processing: ucabpp.htm
03.10.2014/09:39:38	Processing: uczaae.htm
03.10.2014/09:39:38	Processing: ucaade.htm
03.10.2014/09:39:38	Processing: ucacec.htm
03.10.2014/09:39:38	Processing: ucacao.htm
03.10.2014/09:39:38	Processing: uczabu.htm
03.10.2014/09:39:38	Processing: ucabjy.htm
03.10.2014/09:39:38	Processing: ucaatd.htm
03.10.2014/09:39:38	Processing: ucaaii.htm
03.10.2014/09:39:38	Processing: ucaabb.htm
03.10.2014/09:39:38	Processing: ucabao.htm
03.10.2014/09:39:38	Processing: ucaara.htm
03.10.2014/09:39:38	Processing: ucaacr.htm
03.10.2014/09:39:38	Processing: ucacwd.htm
03.10.2014/09:39:38	Processing: uczabc.htm
03.10.2014/09:39:38	Processing: ucaawe.htm
03.10.2014/09:39:38	Processing: ucaahv.htm
03.10.2014/09:39:39	Warning: The source file: C:\Documentation\OM\MAIN\Docu\others\help\german\UC4\Content\Resources\Snippets\x0000212.gif doesnt exist
03.10.2014/09:39:39	Warning: The source file: C:\Documentation\OM\MAIN\Docu\others\help\german\UC4\Content\Resources\Snippets\x0000036.gif doesnt exist
03.10.2014/09:39:39	Warning: The source file: C:\Documentation\OM\MAIN\Docu\others\help\german\UC4\Content\Resources\Snippets\x0000213.gif doesnt exist
03.10.2014/09:39:39	Processing: ucaaao.htm
03.10.2014/09:39:39	Processing: ucacua.htm
03.10.2014/09:39:39	Processing: ucabok.htm
03.10.2014/09:39:39	Processing: uczaap.htm
03.10.2014/09:39:39	Processing: ucabfa.htm
03.10.2014/09:39:39	Processing: ucacaz.htm
03.10.2014/09:39:39	Processing: ucacmg.htm
03.10.2014/09:39:39	Processing: uczaca.htm
03.10.2014/09:39:39	Processing: ucaait.htm
03.10.2014/09:39:39	Processing: ucaabm.htm
03.10.2014/09:39:39	Processing: ucabpi.htm
03.10.2014/09:39:39	Processing: ucaanx.htm
03.10.2014/09:39:39	Processing: ucacah.htm
03.10.2014/09:39:39	Processing: ucaclt.htm
03.10.2014/09:39:39	Processing: uczabn.htm
03.10.2014/09:39:39	Processing: ucaaaz.htm
03.10.2014/09:39:39	Processing: ucacqx.htm
03.10.2014/09:39:39	Processing: ucabov.htm
03.10.2014/09:39:39	Processing: ucablc.htm
03.10.2014/09:39:39	Processing: ucabho.htm
03.10.2014/09:39:39	Processing: ucaaqy.htm
03.10.2014/09:39:39	Processing: ucaack.htm
03.10.2014/09:39:39	ERROR: Link ucacvs.htm does not belong to a chapter!
03.10.2014/09:39:39	Processing: ucacdi.htm
03.10.2014/09:39:39	Processing: ucacou.htm
03.10.2014/09:39:39	Processing: ucabfl.htm
03.10.2014/09:39:39	Processing: ucaaov.htm
03.10.2014/09:39:39	Processing: ucaaho.htm
03.10.2014/09:39:39	Processing: ucacty.htm
03.10.2014/09:39:39	Processing: ucacbf.htm
03.10.2014/09:39:39	Processing: ucacmr.htm
03.10.2014/09:39:39	Processing: ucabod.htm
03.10.2014/09:39:40	Processing: ucacvj.htm
03.10.2014/09:39:40	Processing: uczaai.htm
03.10.2014/09:39:40	Processing: ucaaod.htm
03.10.2014/09:39:40	Processing: ucactg.htm
03.10.2014/09:39:40	The link ucaads.htm in this document has no text!
03.10.2014/09:39:40	-> 
03.10.2014/09:39:40	Processing: uczaby.htm
03.10.2014/09:39:40	Processing: ucaaim.htm
03.10.2014/09:39:40	Processing: ucaabf.htm
03.10.2014/09:39:40	Processing: ucacuw.htm
03.10.2014/09:39:40	Processing: ucabpb.htm
03.10.2014/09:39:40	Processing: ucabas.htm
03.10.2014/09:39:40	Processing: ucaacv.htm
03.10.2014/09:39:40	Processing: ucacwh.htm
03.10.2014/09:39:40	Processing: ucacdt.htm
03.10.2014/09:39:40	Processing: ucacst.htm
03.10.2014/09:39:40	Processing: uczabg.htm
03.10.2014/09:39:40	Processing: ucabfw.htm
03.10.2014/09:39:40	Processing: ucaasu.htm
03.10.2014/09:39:40	Processing: ucaahz.htm
03.10.2014/09:39:40	Processing: ucaaas.htm
03.10.2014/09:39:40	Processing: ucacqq.htm
03.10.2014/09:39:40	Processing: ucacjj.htm
03.10.2014/09:39:40	Processing: ucabsc.htm
03.10.2014/09:39:40	Processing: ucaboo.htm
03.10.2014/09:39:40	Processing: ucabdt.htm
03.10.2014/09:39:40	Processing: ucabaa.htm
03.10.2014/09:39:40	Processing: ucaacd.htm
03.10.2014/09:39:40	Processing: ucacdb.htm
03.10.2014/09:39:40	Processing: ucachg.htm
03.10.2014/09:39:40	Processing: uczaat.htm
03.10.2014/09:39:40	Processing: ucabfe.htm
03.10.2014/09:39:40	Processing: ucacxf.htm
03.10.2014/09:39:40	Processing: ucactr.htm
03.10.2014/09:39:40	Processing: ucacmk.htm
03.10.2014/09:39:40	Processing: ucabrp.htm
03.10.2014/09:39:41	Processing: ucaats.htm
03.10.2014/09:39:41	Processing: ucaaix.htm
03.10.2014/09:39:41	Processing: ucaabq.htm
03.10.2014/09:39:41	Processing: ucacyv.htm
03.10.2014/09:39:41	Processing: ucacco.htm
03.10.2014/09:39:41	Processing: ucabpm.htm
03.10.2014/09:39:41	Processing: ucaadb.htm
03.10.2014/09:39:41	Processing: ucacal.htm
03.10.2014/09:39:41	Processing: ucaclx.htm
03.10.2014/09:39:41	Processing: ucaceq.htm
03.10.2014/09:39:41	Processing: uczabr.htm
03.10.2014/09:39:41	Processing: ucabco.htm
03.10.2014/09:39:41	Processing: ucaata.htm
03.10.2014/09:39:41	Processing: ucaaif.htm
03.10.2014/09:39:41	Processing: ucacup.htm
03.10.2014/09:39:41	Processing: ucacju.htm
03.10.2014/09:39:41	Processing: ucaboz.htm
03.10.2014/09:39:41	Processing: ucabal.htm
03.10.2014/09:39:41	Processing: ucaauq.htm
03.10.2014/09:39:41	Processing: ucacwa.htm
03.10.2014/09:39:41	Processing: ucacsm.htm
03.10.2014/09:39:41	Processing: ucaclf.htm
03.10.2014/09:39:41	Processing: ucabfp.htm
03.10.2014/09:39:41	Processing: ucaazu.htm
03.10.2014/09:39:41	Processing: ucaahs.htm
03.10.2014/09:39:41	Processing: ucaaal.htm
03.10.2014/09:39:41	ERROR: Link ucsabu.htm does not belong to a chapter!
03.10.2014/09:39:41	Processing: ucacqj.htm
03.10.2014/09:39:41	Processing: ucaboh.htm
03.10.2014/09:39:42	Processing: ucacvn.htm
03.10.2014/09:39:42	Processing: uczalh.htm
03.10.2014/09:39:42	Processing: uczaam.htm
03.10.2014/09:39:42	Processing: ucacmd.htm
03.10.2014/09:39:42	Processing: ucabcz.htm
03.10.2014/09:39:42	Processing: ucaabj.htm
03.10.2014/09:39:42	Processing: ucabpf.htm
03.10.2014/09:39:42	Processing: ucabaw.htm
03.10.2014/09:39:42	Processing: ucaanu.htm
03.10.2014/09:39:42	Processing: ucaacz.htm
03.10.2014/09:39:42	Processing: ucaaek.htm
03.10.2014/09:39:42	Processing: ucabhl.htm
03.10.2014/09:39:42	Processing: ucabae.htm
03.10.2014/09:39:42	Processing: ucabbu.htm
03.10.2014/09:39:42	Processing: ucaasg.htm
03.10.2014/09:39:42	Processing: ucaadx.htm
03.10.2014/09:39:42	Processing: ucacxj.htm
03.10.2014/09:39:42	Processing: ucabrt.htm
03.10.2014/09:39:42	Processing: uczaci.htm
03.10.2014/09:39:42	Processing: ucaaxk.htm
03.10.2014/09:39:42	Processing: ucaafi.htm
03.10.2014/09:39:42	Processing: ucacvg.htm
03.10.2014/09:39:43	Processing: ucabev.htm
03.10.2014/09:39:43	Processing: ucabbc.htm
03.10.2014/09:39:43	Processing: ucaavh.htm
03.10.2014/09:39:43	Processing: ucaart.htm
03.10.2014/09:39:43	Processing: ucaagy.htm
03.10.2014/09:39:43	Processing: ucacww.htm
03.10.2014/09:39:43	Processing: ucabrb.htm
03.10.2014/09:39:43	Processing: ucaceu.htm
03.10.2014/09:39:43	Processing: ucabcs.htm
03.10.2014/09:39:43	Processing: ucaapq.htm
03.10.2014/09:39:43	Processing: ucaaev.htm
03.10.2014/09:39:43	Processing: ucacyh.htm
03.10.2014/09:39:43	Processing: ucacjy.htm
03.10.2014/09:39:43	Processing: ucaauu.htm
03.10.2014/09:39:43	Processing: ucaagg.htm
03.10.2014/09:39:43	Processing: ucabft.htm
03.10.2014/09:39:43	Processing: ucaazy.htm
03.10.2014/09:39:43	Processing: ucaawf.htm
03.10.2014/09:39:43	Processing: ucaasr.htm
03.10.2014/09:39:43	Processing: ucaaed.htm
03.10.2014/09:39:43	Processing: ucacxu.htm
03.10.2014/09:39:43	Processing: uczact.htm
03.10.2014/09:39:43	Processing: ucaaft.htm
03.10.2014/09:39:43	Processing: ucabiu.htm
03.10.2014/09:39:43	Processing: ucaahe.htm
03.10.2014/09:39:43	Processing: ucaadq.htm
03.10.2014/09:39:43	Processing: ucacxc.htm
03.10.2014/09:39:43	Processing: ucacto.htm
03.10.2014/09:39:43	Processing: ucaaxd.htm
03.10.2014/09:39:43	Processing: ucaatp.htm
03.10.2014/09:39:43	Processing: ucaafb.htm
03.10.2014/09:39:43	Processing: ucacrl.htm
03.10.2014/09:39:43	Processing: ucaava.htm
03.10.2014/09:39:43	Processing: ucaagr.htm
03.10.2014/09:39:43	Processing: ucacwp.htm
03.10.2014/09:39:43	Processing: ucabqz.htm
03.10.2014/09:39:44	Processing: ucaapj.htm
03.10.2014/09:39:44	Processing: ucaaeo.htm
03.10.2014/09:39:44	Processing: ucacby.htm
03.10.2014/09:39:44	Processing: ucabld.htm
03.10.2014/09:39:44	Processing: ucaask.htm
03.10.2014/09:39:44	Processing: ucacxn.htm
03.10.2014/09:39:44	Processing: ucacqg.htm
03.10.2014/09:39:44	Processing: ucabrx.htm
03.10.2014/09:39:44	Processing: uczacm.htm
03.10.2014/09:39:44	Processing: ucaafm.htm
03.10.2014/09:39:44	Processing: ucackp.htm
03.10.2014/09:39:44	Processing: ucabin.htm
03.10.2014/09:39:44	Processing: ucaarx.htm
03.10.2014/09:39:44	Processing: ucaati.htm
03.10.2014/09:39:44	Processing: ucaapu.htm
03.10.2014/09:39:44	Processing: ucaaez.htm
03.10.2014/09:39:44	Processing: ucacyl.htm
03.10.2014/09:39:44	Processing: ucacce.htm
03.10.2014/09:39:44	Processing: ucacre.htm
03.10.2014/09:39:44	Processing: ucaagk.htm
03.10.2014/09:39:44	Processing: ucabce.htm
03.10.2014/09:39:44	Processing: ucaawj.htm
03.10.2014/09:39:44	Processing: ucaaeh.htm
03.10.2014/09:39:44	Processing: ucacjk.htm
03.10.2014/09:39:44	Processing: uczacx.htm
03.10.2014/09:39:44	Processing: ucabhi.htm
03.10.2014/09:39:44	Processing: ucaafx.htm
03.10.2014/09:39:44	Processing: ucabmm.htm
03.10.2014/09:39:44	Processing: ucabff.htm
03.10.2014/09:39:44	Processing: ucaasd.htm
03.10.2014/09:39:44	Processing: ucaahi.htm
03.10.2014/09:39:44	Processing: ucaadu.htm
03.10.2014/09:39:44	Processing: ucacml.htm
03.10.2014/09:39:44	Processing: uczacf.htm
03.10.2014/09:39:44	Processing: ucabgv.htm
03.10.2014/09:39:44	Processing: ucaaff.htm
03.10.2014/09:39:44	Processing: ucacvd.htm
03.10.2014/09:39:44	Processing: ucacki.htm
03.10.2014/09:39:44	Processing: ucabig.htm
03.10.2014/09:39:44	Processing: ucaagv.htm
03.10.2014/09:39:45	Processing: ucacwt.htm
03.10.2014/09:39:45	Processing: ucabjw.htm
03.10.2014/09:39:45	Processing: ucabgd.htm
03.10.2014/09:39:45	Processing: ucabcp.htm
03.10.2014/09:39:45	Processing: ucaaes.htm
03.10.2014/09:39:45	Processing: ucacye.htm
03.10.2014/09:39:45	Processing: ucacuq.htm
03.10.2014/09:39:45	Processing: ucacjv.htm
03.10.2014/09:39:45	Processing: uczadd.htm
03.10.2014/09:39:45	Processing: ucabht.htm
03.10.2014/09:39:45	Processing: ucaagd.htm
03.10.2014/09:39:45	Processing: ucaaso.htm
03.10.2014/09:39:45	Processing: ucaaea.htm
03.10.2014/09:39:45	Processing: ucacxr.htm
03.10.2014/09:39:45	Processing: uczacq.htm
03.10.2014/09:39:45	Processing: ucaafq.htm
03.10.2014/09:39:45	Processing: ucabir.htm
03.10.2014/09:39:45	Processing: ucaahb.htm
03.10.2014/09:39:45	Processing: ucaadn.htm
03.10.2014/09:39:45	Processing: ucacpx.htm
03.10.2014/09:39:45	Processing: ucaatm.htm
03.10.2014/09:39:45	Processing: ucaapy.htm
03.10.2014/09:39:45	Processing: ucaair.htm
03.10.2014/09:39:45	Processing: ucacri.htm
03.10.2014/09:39:45	Processing: ucackb.htm
03.10.2014/09:39:45	Processing: ucaago.htm
03.10.2014/09:39:45	Processing: ucaclr.htm
03.10.2014/09:39:45	Processing: ucaael.htm
03.10.2014/09:39:45	Processing: ucacbv.htm
03.10.2014/09:39:45	Processing: ucaash.htm
03.10.2014/09:39:45	Processing: ucaady.htm
03.10.2014/09:39:45	Processing: ucacxk.htm
03.10.2014/09:39:45	Processing: ucacmp.htm
03.10.2014/09:39:45	Processing: ucabru.htm
03.10.2014/09:39:45	Processing: uczacj.htm
03.10.2014/09:39:45	Processing: ucaafj.htm
03.10.2014/09:39:45	Processing: ucacvh.htm
03.10.2014/09:39:45	Processing: ucackm.htm
03.10.2014/09:39:45	Processing: ucabew.htm
03.10.2014/09:39:45	Processing: ucabbd.htm
03.10.2014/09:39:46	Processing: ucaavi.htm
03.10.2014/09:39:46	Processing: ucaaru.htm
03.10.2014/09:39:46	The link ucaaej.htm in this document has no text!
03.10.2014/09:39:46	-> 
03.10.2014/09:39:46	Processing: ucaagz.htm
03.10.2014/09:39:46	Processing: ucacev.htm
03.10.2014/09:39:46	Processing: ucabct.htm
03.10.2014/09:39:46	Processing: ucaapr.htm
03.10.2014/09:39:46	Processing: ucaaew.htm
03.10.2014/09:39:46	Processing: ucacyi.htm
03.10.2014/09:39:46	Processing: ucaccb.htm
03.10.2014/09:39:46	Processing: ucacnn.htm
03.10.2014/09:39:46	Processing: ucacjz.htm
03.10.2014/09:39:46	Processing: ucaagh.htm
03.10.2014/09:39:46	Processing: ucacsr.htm
03.10.2014/09:39:46	Processing: ucabfu.htm
03.10.2014/09:39:46	Processing: ucaawg.htm
03.10.2014/09:39:46	Processing: ucaass.htm
03.10.2014/09:39:46	The link ucaaej.htm in this document has no text!
03.10.2014/09:39:46	-> 
03.10.2014/09:39:46	Processing: ucaaee.htm
03.10.2014/09:39:46	Processing: ucacuc.htm
03.10.2014/09:39:46	Processing: uczacu.htm
03.10.2014/09:39:46	Processing: ucaafu.htm
03.10.2014/09:39:46	Processing: ucabiv.htm
03.10.2014/09:39:46	Processing: ucaasa.htm
03.10.2014/09:39:46	Processing: ucaahf.htm
03.10.2014/09:39:46	Processing: ucactp.htm
03.10.2014/09:39:46	The link ucaaeh.htm in this document has no text!
03.10.2014/09:39:46	-> 
03.10.2014/09:39:46	Processing: ucabgs.htm
03.10.2014/09:39:46	Processing: ucaaxe.htm
03.10.2014/09:39:46	Processing: ucaatq.htm
03.10.2014/09:39:46	Processing: ucaafc.htm
03.10.2014/09:39:46	Processing: ucacva.htm
03.10.2014/09:39:46	Processing: ucabid.htm
03.10.2014/09:39:46	Processing: ucaags.htm
03.10.2014/09:39:46	Processing: ucacwq.htm
03.10.2014/09:39:46	Processing: ucaclv.htm
03.10.2014/09:39:46	Processing: ucaapk.htm
03.10.2014/09:39:46	Processing: ucaaep.htm
03.10.2014/09:39:46	Processing: ucacbz.htm
03.10.2014/09:39:46	Processing: uczada.htm
03.10.2014/09:39:46	Processing: ucable.htm
03.10.2014/09:39:46	Processing: ucaaga.htm
03.10.2014/09:39:46	Processing: ucaasl.htm
03.10.2014/09:39:46	Processing: ucacxo.htm
03.10.2014/09:39:46	Processing: ucabry.htm
03.10.2014/09:39:46	Processing: uczacn.htm
03.10.2014/09:39:46	Processing: ucaafn.htm
03.10.2014/09:39:47	Processing: ucacvl.htm
03.10.2014/09:39:47	Processing: ucackq.htm
03.10.2014/09:39:47	Processing: ucabpv.htm
03.10.2014/09:39:47	Processing: ucabio.htm
03.10.2014/09:39:47	Processing: ucabbh.htm
03.10.2014/09:39:47	Processing: ucaary.htm
03.10.2014/09:39:47	Processing: ucaadk.htm
03.10.2014/09:39:47	Processing: ucaatj.htm
03.10.2014/09:39:47	Processing: ucaapv.htm
03.10.2014/09:39:47	Processing: ucacym.htm
03.10.2014/09:39:47	Processing: ucacuy.htm
03.10.2014/09:39:47	Processing: ucaccf.htm
03.10.2014/09:39:47	Processing: ucacrf.htm
03.10.2014/09:39:47	Processing: ucaagl.htm
03.10.2014/09:39:47	Processing: ucaawk.htm
03.10.2014/09:39:47	Processing: uczacy.htm
03.10.2014/09:39:47	Processing: ucabhj.htm
03.10.2014/09:39:47	Processing: ucabfg.htm
03.10.2014/09:39:47	Processing: ucaase.htm
03.10.2014/09:39:47	Processing: ucaadv.htm
03.10.2014/09:39:47	Processing: ucactt.htm
03.10.2014/09:39:47	Processing: uczacg.htm
03.10.2014/09:39:47	Processing: ucabgw.htm
03.10.2014/09:39:47	Processing: ucaaqb.htm
03.10.2014/09:39:47	Processing: ucaafg.htm
03.10.2014/09:39:47	Processing: ucacyx.htm
03.10.2014/09:39:47	Processing: ucacve.htm
03.10.2014/09:39:47	Processing: ucabet.htm
03.10.2014/09:39:47	Processing: ucabba.htm
03.10.2014/09:39:47	Processing: ucaavf.htm
03.10.2014/09:39:47	Processing: ucaagw.htm
03.10.2014/09:39:47	Processing: ucacwu.htm
03.10.2014/09:39:47	Processing: ucaces.htm
03.10.2014/09:39:47	Processing: ucabjx.htm
03.10.2014/09:39:47	Processing: ucabge.htm
03.10.2014/09:39:47	Processing: ucabcq.htm
03.10.2014/09:39:47	Processing: ucaapo.htm
03.10.2014/09:39:47	Processing: ucacyf.htm
03.10.2014/09:39:48	Processing: ucacur.htm
03.10.2014/09:39:48	Processing: uczade.htm
03.10.2014/09:39:48	Processing: ucabhu.htm
03.10.2014/09:39:48	Processing: ucaage.htm
03.10.2014/09:39:48	Processing: ucacdo.htm
03.10.2014/09:39:48	Processing: ucabfr.htm
03.10.2014/09:39:48	Processing: ucaazw.htm
03.10.2014/09:39:48	Processing: ucaasp.htm
03.10.2014/09:39:48	Processing: ucaaeb.htm
03.10.2014/09:39:48	Processing: ucacxs.htm
03.10.2014/09:39:48	Processing: uczajy.htm
03.10.2014/09:39:48	C:\Documentation\OM\MAIN\Docu\others\help\german\UC4\HtmlHelp\AutomationEngineScriptGuide\Resources\Images\header_left.png (The system cannot find the path specified) -> C:\Documentation\OM\MAIN\Docu\others\help\german\UC4\Content\Resources\Images\header_left.png
03.10.2014/09:39:48	C:\Documentation\OM\MAIN\Docu\others\help\german\UC4\HtmlHelp\AutomationEngineScriptGuide\Resources\Images\header_right.png (The system cannot find the path specified) -> C:\Documentation\OM\MAIN\Docu\others\help\german\UC4\Content\Resources\Images\header_right.png
03.10.2014/09:39:48	Processing: uczacr.htm
03.10.2014/09:39:48	Processing: ucabis.htm
03.10.2014/09:39:48	Processing: ucaahc.htm
03.10.2014/09:39:48	Processing: ucaado.htm
03.10.2014/09:39:48	Processing: ucacxa.htm
03.10.2014/09:39:48	Processing: ucacpy.htm
03.10.2014/09:39:48	Processing: ucaaxb.htm
03.10.2014/09:39:48	Processing: ucaatn.htm
03.10.2014/09:39:48	Processing: ucacrj.htm
03.10.2014/09:39:48	Processing: ucackc.htm
03.10.2014/09:39:48	Processing: ucaagp.htm
03.10.2014/09:39:48	Processing: ucacpg.htm
03.10.2014/09:39:48	Processing: ucacls.htm
03.10.2014/09:39:48	Processing: ucabqx.htm
03.10.2014/09:39:48	Processing: ucaaem.htm
03.10.2014/09:39:48	Processing: ucacjp.htm
03.10.2014/09:39:48	Processing: ucacsh.htm
03.10.2014/09:39:48	Processing: ucabbw.htm
03.10.2014/09:39:48	Processing: ucaasi.htm
03.10.2014/09:39:48	Processing: ucaadz.htm
03.10.2014/09:39:48	Processing: ucacxl.htm
03.10.2014/09:39:48	Processing: ucabrv.htm
03.10.2014/09:39:48	Processing: uczack.htm
03.10.2014/09:39:48	Processing: ucaafk.htm
03.10.2014/09:39:48	Processing: ucabbe.htm
03.10.2014/09:39:48	Processing: ucaarv.htm
03.10.2014/09:39:48	Processing: ucacwy.htm
03.10.2014/09:39:48	Processing: ucabrd.htm
03.10.2014/09:39:48	Processing: ucabcu.htm
03.10.2014/09:39:48	Processing: ucaatg.htm
03.10.2014/09:39:48	Processing: ucaaps.htm
03.10.2014/09:39:49	Processing: ucaaex.htm
03.10.2014/09:39:49	Processing: ucacyj.htm
03.10.2014/09:39:49	Processing: ucaccc.htm
03.10.2014/09:39:49	Processing: ucacrc.htm
03.10.2014/09:39:49	Processing: ucaagi.htm
03.10.2014/09:39:49	Processing: ucabfv.htm
03.10.2014/09:39:49	Processing: ucaawh.htm
03.10.2014/09:39:49	Processing: ucaaef.htm
03.10.2014/09:39:49	Processing: uczacv.htm
03.10.2014/09:39:49	Processing: ucaafv.htm
03.10.2014/09:39:49	Processing: ucacvt.htm
03.10.2014/09:39:49	Processing: ucaasb.htm
03.10.2014/09:39:49	Processing: ucaads.htm
03.10.2014/09:39:49	Processing: ucacxe.htm
03.10.2014/09:39:49	Processing: ucabgt.htm
03.10.2014/09:39:49	Processing: ucaaxf.htm
03.10.2014/09:39:49	Processing: ucaafd.htm
03.10.2014/09:39:49	Processing: ucacvb.htm
03.10.2014/09:39:49	Processing: ucabie.htm
03.10.2014/09:39:49	Processing: ucaavc.htm
03.10.2014/09:39:49	Processing: ucaagt.htm
03.10.2014/09:39:49	Processing: ucacwr.htm
03.10.2014/09:39:49	Processing: ucaclw.htm
03.10.2014/09:39:49	Processing: ucabgb.htm
03.10.2014/09:39:49	Processing: ucaapl.htm
03.10.2014/09:39:49	Processing: ucaaeq.htm
03.10.2014/09:39:49	Processing: uczadb.htm
03.10.2014/09:39:49	Processing: ucaasm.htm
03.10.2014/09:39:49	Processing: ucacxp.htm
03.10.2014/09:39:49	Processing: ucabrz.htm
03.10.2014/09:39:49	Processing: uczaco.htm
03.10.2014/09:39:49	Processing: ucaafo.htm
03.10.2014/09:39:49	Processing: ucabpw.htm
03.10.2014/09:39:49	Processing: ucabbi.htm
03.10.2014/09:39:49	Processing: ucaarz.htm
03.10.2014/09:39:49	Processing: ucaadl.htm
03.10.2014/09:39:49	Processing: ucabka.htm
03.10.2014/09:39:49	Processing: ucaatk.htm
03.10.2014/09:39:49	Processing: ucaapw.htm
03.10.2014/09:39:49	Processing: ucacyn.htm
03.10.2014/09:39:49	Processing: ucacuz.htm
03.10.2014/09:39:49	Processing: ucaccg.htm
03.10.2014/09:39:49	Processing: ucacrg.htm
03.10.2014/09:39:49	Processing: ucaagm.htm
03.10.2014/09:39:50	Processing: ucaaej.htm
03.10.2014/09:39:50	Processing: uczacz.htm
03.10.2014/09:39:50	Processing: ucabhk.htm
03.10.2014/09:39:50	Processing: ucabad.htm
03.10.2014/09:39:50	Processing: ucaasf.htm
03.10.2014/09:39:50	Processing: ucaadw.htm
03.10.2014/09:39:50	Processing: ucacxi.htm
03.10.2014/09:39:50	Processing: uczach.htm
03.10.2014/09:39:50	Processing: ucaafh.htm
03.10.2014/09:39:50	Processing: ucacyy.htm
03.10.2014/09:39:50	Processing: ucacvf.htm
03.10.2014/09:39:50	Processing: ucabeu.htm
03.10.2014/09:39:50	Processing: ucabbb.htm
03.10.2014/09:39:50	Processing: ucaayz.htm
03.10.2014/09:39:50	Processing: ucaavg.htm
03.10.2014/09:39:50	Processing: ucaars.htm
03.10.2014/09:39:50	Processing: ucaagx.htm
03.10.2014/09:39:50	Processing: ucacwv.htm
03.10.2014/09:39:50	Processing: ucactc.htm
03.10.2014/09:39:50	Processing: ucacet.htm
03.10.2014/09:39:50	Processing: ucabgf.htm
03.10.2014/09:39:50	Processing: ucabcr.htm
03.10.2014/09:39:50	Processing: ucaapp.htm
03.10.2014/09:39:50	Processing: ucaaeu.htm
03.10.2014/09:39:50	Processing: ucacyg.htm
03.10.2014/09:39:50	Processing: ucacus.htm
03.10.2014/09:39:50	Processing: ucacjx.htm
03.10.2014/09:39:50	Processing: uczadf.htm
03.10.2014/09:39:50	Processing: ucaagf.htm
03.10.2014/09:39:50	Processing: ucabfs.htm
03.10.2014/09:39:50	Processing: ucaazx.htm
03.10.2014/09:39:50	Processing: ucaasq.htm
03.10.2014/09:39:50	Processing: ucaaec.htm
03.10.2014/09:39:50	Processing: ucacxt.htm
03.10.2014/09:39:50	Processing: uczacs.htm
03.10.2014/09:39:50	Processing: ucaafs.htm
03.10.2014/09:39:50	Processing: ucackv.htm
03.10.2014/09:39:50	Processing: ucaahd.htm
03.10.2014/09:39:50	Processing: ucaadp.htm
03.10.2014/09:39:50	Processing: ucacxb.htm
03.10.2014/09:39:50	Processing: ucacis.htm
03.10.2014/09:39:50	Processing: ucaato.htm
03.10.2014/09:39:51	Processing: ucaafa.htm
03.10.2014/09:39:51	Processing: ucabib.htm
03.10.2014/09:39:51	Processing: ucaagq.htm
03.10.2014/09:39:51	Processing: ucacwo.htm
03.10.2014/09:39:51	Processing: ucabqy.htm
03.10.2014/09:39:51	Processing: ucaaen.htm
03.10.2014/09:39:51	Processing: ucacbx.htm
03.10.2014/09:39:51	Processing: ucacjq.htm
03.10.2014/09:39:51	Processing: ucacsi.htm
03.10.2014/09:39:51	Processing: ucaclb.htm
03.10.2014/09:39:51	The link ucaatl.htm in this document has no text!
03.10.2014/09:39:51	-> 
03.10.2014/09:39:51	Processing: ucabbx.htm
03.10.2014/09:39:51	Processing: ucaasj.htm
03.10.2014/09:39:51	The link ucaaej.htm in this document has no text!
03.10.2014/09:39:51	-> 
03.10.2014/09:39:51	Processing: ucacxm.htm
03.10.2014/09:39:51	Processing: ucabrw.htm
03.10.2014/09:39:51	Processing: uczacl.htm
03.10.2014/09:39:51	Processing: ucaaxn.htm
03.10.2014/09:39:51	Processing: ucaafl.htm
03.10.2014/09:39:51	Processing: ucacko.htm
03.10.2014/09:39:51	Processing: ucabim.htm
03.10.2014/09:39:51	Processing: ucaarw.htm
03.10.2014/09:39:51	The link ucaaej.htm in this document has no text!
03.10.2014/09:39:51	-> 
03.10.2014/09:39:51	Processing: ucacwz.htm
03.10.2014/09:39:51	Processing: ucacex.htm
03.10.2014/09:39:51	Processing: ucabcv.htm
03.10.2014/09:39:51	Processing: ucaath.htm
03.10.2014/09:39:51	Processing: ucaapt.htm
03.10.2014/09:39:51	Processing: ucaaey.htm
03.10.2014/09:39:51	Processing: ucacyk.htm
03.10.2014/09:39:51	Processing: ucaccd.htm
03.10.2014/09:39:51	Processing: ucacrd.htm
03.10.2014/09:39:51	Processing: ucabhz.htm
03.10.2014/09:39:51	Processing: ucaagj.htm
03.10.2014/09:39:51	Processing: ucaawi.htm
03.10.2014/09:39:51	Processing: ucaaeg.htm
03.10.2014/09:39:51	Processing: ucacxx.htm
03.10.2014/09:39:51	Processing: uczacw.htm
03.10.2014/09:39:51	Processing: ucaaxy.htm
03.10.2014/09:39:51	Processing: ucaafw.htm
03.10.2014/09:39:51	Processing: uczalo.htm
03.10.2014/09:39:51	Processing: ucabbq.htm
03.10.2014/09:39:51	Processing: ucaasc.htm
03.10.2014/09:39:51	Processing: ucaahh.htm
03.10.2014/09:39:51	Processing: ucaadt.htm
03.10.2014/09:39:52	Processing: uczace.htm
03.10.2014/09:39:52	Processing: ucabki.htm
03.10.2014/09:39:52	Processing: ucabgu.htm
03.10.2014/09:39:52	Processing: ucaaxg.htm
03.10.2014/09:39:52	Processing: ucaafe.htm
03.10.2014/09:39:52	Processing: ucacvc.htm
03.10.2014/09:39:52	Processing: ucabif.htm
03.10.2014/09:39:52	Processing: ucaavd.htm
03.10.2014/09:39:52	Processing: ucaagu.htm
03.10.2014/09:39:52	Processing: ucabgc.htm
03.10.2014/09:39:52	Processing: ucaapm.htm
03.10.2014/09:39:52	Processing: ucaaer.htm
03.10.2014/09:39:52	Processing: uczadc.htm
03.10.2014/09:39:52	Processing: ucaasn.htm
03.10.2014/09:39:52	Processing: ucacxq.htm
03.10.2014/09:39:52	Processing: uczacp.htm
03.10.2014/09:39:52	Processing: ucaafp.htm
03.10.2014/09:39:52	Processing: ucaadm.htm
03.10.2014/09:39:52	Processing: ucactk.htm
03.10.2014/09:39:52	Processing: ucaatl.htm
03.10.2014/09:39:52	Processing: ucaapx.htm
03.10.2014/09:39:52	Processing: ucaaiq.htm
03.10.2014/09:39:52	Processing: ucacyo.htm
03.10.2014/09:39:52	Processing: ucacrh.htm
03.10.2014/09:39:52	Processing: ucacka.htm
03.10.2014/09:39:52	Processing: ucaagn.htm
03.10.2014/09:39:53	Processing: ucacsx.htm
03.10.2014/09:39:53	Processing: ucabnc.htm
03.10.2014/09:39:53	Processing: ucabjo.htm
03.10.2014/09:39:53	Processing: ucaach.htm
03.10.2014/09:39:53	Processing: ucachk.htm
03.10.2014/09:39:53	Processing: uczael.htm
03.10.2014/09:39:53	Processing: ucaazn.htm
03.10.2014/09:39:53	Processing: ucacqc.htm
03.10.2014/09:39:53	Processing: ucacfh.htm
03.10.2014/09:39:53	Processing: ucabkm.htm
03.10.2014/09:39:53	Processing: ucaabu.htm
03.10.2014/09:39:53	Processing: uczady.htm
03.10.2014/09:39:53	Processing: ucaakm.htm
03.10.2014/09:39:53	Processing: ucacii.htm
03.10.2014/09:39:53	Processing: uczafj.htm
03.10.2014/09:39:53	Processing: ucabgg.htm
03.10.2014/09:39:53	Processing: uczadg.htm
03.10.2014/09:39:53	Processing: ucacdq.htm
03.10.2014/09:39:53	Processing: ucachv.htm
03.10.2014/09:39:53	Processing: uczaew.htm
03.10.2014/09:39:53	Processing: ucacbn.htm
03.10.2014/09:39:53	Processing: ucaaca.htm
03.10.2014/09:39:53	Processing: ucachd.htm
03.10.2014/09:39:53	Processing: uczaee.htm
03.10.2014/09:39:53	Processing: ucacit.htm
03.10.2014/09:39:53	Processing: ucacys.htm
03.10.2014/09:39:53	Processing: ucaccl.htm
03.10.2014/09:39:53	Processing: uczadr.htm
03.10.2014/09:39:53	Processing: ucaakf.htm
03.10.2014/09:39:53	Processing: ucacib.htm
03.10.2014/09:39:53	Processing: uczafc.htm
03.10.2014/09:39:53	Processing: ucacum.htm
03.10.2014/09:39:53	Processing: ucabhp.htm
03.10.2014/09:39:53	Processing: ucaaun.htm
03.10.2014/09:39:53	Processing: ucaacl.htm
03.10.2014/09:39:54	Processing: uczaep.htm
03.10.2014/09:39:54	Processing: ucabby.htm
03.10.2014/09:39:54	Processing: ucacms.htm
03.10.2014/09:39:54	Processing: ucaaby.htm
03.10.2014/09:39:54	Processing: ucacvk.htm
03.10.2014/09:39:54	Processing: ucacrw.htm
03.10.2014/09:39:54	Processing: ucacod.htm
03.10.2014/09:39:54	Processing: ucacey.htm
03.10.2014/09:39:54	Processing: ucabrf.htm
03.10.2014/09:39:54	Processing: uczafn.htm
03.10.2014/09:39:54	Processing: uczadk.htm
03.10.2014/09:39:54	Processing: ucacln.htm
03.10.2014/09:39:54	Processing: ucachz.htm
03.10.2014/09:39:54	Processing: ucabqs.htm
03.10.2014/09:39:54	Processing: ucabjl.htm
03.10.2014/09:39:54	Processing: ucabfx.htm
03.10.2014/09:39:54	Processing: ucaalo.htm
03.10.2014/09:39:54	Processing: ucacfw.htm
03.10.2014/09:39:54	Processing: ucacoo.htm
03.10.2014/09:39:54	Processing: uczalp.htm
03.10.2014/09:39:54	Processing: ucachh.htm
03.10.2014/09:39:54	Processing: uczaei.htm
03.10.2014/09:39:54	Processing: ucaabr.htm
03.10.2014/09:39:54	Processing: ucacrp.htm
03.10.2014/09:39:54	Processing: uczadv.htm
03.10.2014/09:39:54	Processing: ucaakj.htm
03.10.2014/09:39:54	Processing: ucacpm.htm
03.10.2014/09:39:54	Processing: uczafg.htm
03.10.2014/09:39:54	Processing: ucabea.htm
03.10.2014/09:39:54	Processing: ucaajw.htm
03.10.2014/09:39:54	Processing: ucaacp.htm
03.10.2014/09:39:54	Processing: ucacoz.htm
03.10.2014/09:39:54	Processing: uczaet.htm
03.10.2014/09:39:54	Processing: ucaalh.htm
03.10.2014/09:39:54	Processing: ucabku.htm
03.10.2014/09:39:54	Processing: ucabdn.htm
03.10.2014/09:39:54	Processing: ucacoh.htm
03.10.2014/09:39:54	Processing: ucacha.htm
03.10.2014/09:39:55	Processing: uczaeb.htm
03.10.2014/09:39:55	Processing: ucaaku.htm
03.10.2014/09:39:55	Processing: ucactl.htm
03.10.2014/09:39:55	Processing: ucacax.htm
03.10.2014/09:39:55	Processing: uczafr.htm
03.10.2014/09:39:55	Processing: ucabkc.htm
03.10.2014/09:39:55	Processing: ucacyp.htm
03.10.2014/09:39:55	Processing: uczado.htm
03.10.2014/09:39:55	Processing: ucabls.htm
03.10.2014/09:39:55	Processing: ucabel.htm
03.10.2014/09:39:55	Processing: ucaakc.htm
03.10.2014/09:39:55	Processing: ucabnd.htm
03.10.2014/09:39:55	Processing: ucabjp.htm
03.10.2014/09:39:55	Processing: ucacuj.htm
03.10.2014/09:39:55	Processing: ucaand.htm
03.10.2014/09:39:55	Processing: ucachl.htm
03.10.2014/09:39:55	Processing: uczaem.htm
03.10.2014/09:39:55	Processing: ucaazo.htm
03.10.2014/09:39:55	Processing: ucaala.htm
03.10.2014/09:39:55	Processing: ucacqd.htm
03.10.2014/09:39:55	Processing: ucacfi.htm
03.10.2014/09:39:55	Processing: ucaabv.htm
03.10.2014/09:39:55	Processing: ucabpr.htm
03.10.2014/09:39:55	Processing: uczadz.htm
03.10.2014/09:39:55	Processing: ucaakn.htm
03.10.2014/09:39:55	Processing: ucacij.htm
03.10.2014/09:39:55	Processing: uczafk.htm
03.10.2014/09:39:55	Processing: ucabgh.htm
03.10.2014/09:39:55	Processing: ucaawy.htm
03.10.2014/09:39:55	Processing: ucacrb.htm
03.10.2014/09:39:55	Processing: uczadh.htm
03.10.2014/09:39:55	Processing: ucaayj.htm
03.10.2014/09:39:55	Processing: ucachw.htm
03.10.2014/09:39:56	Processing: uczaex.htm
03.10.2014/09:39:56	Processing: ucabji.htm
03.10.2014/09:39:56	Processing: ucabcb.htm
03.10.2014/09:39:56	Processing: ucacbo.htm
03.10.2014/09:39:56	Processing: uczaef.htm
03.10.2014/09:39:56	Processing: ucacxd.htm
03.10.2014/09:39:56	Processing: ucabrn.htm
03.10.2014/09:39:56	Processing: ucackf.htm
03.10.2014/09:39:56	Processing: uczads.htm
03.10.2014/09:39:56	Processing: ucaarn.htm
03.10.2014/09:39:56	Processing: ucaakg.htm
03.10.2014/09:39:56	Processing: ucacic.htm
03.10.2014/09:39:56	Processing: ucabga.htm
03.10.2014/09:39:56	Processing: ucaalw.htm
03.10.2014/09:39:56	Processing: ucacng.htm
03.10.2014/09:39:56	Processing: ucabhq.htm
03.10.2014/09:39:56	Processing: ucaauo.htm
03.10.2014/09:39:56	Processing: ucaajt.htm
03.10.2014/09:39:56	Processing: uczaeq.htm
03.10.2014/09:39:56	Processing: ucaale.htm
03.10.2014/09:39:56	Processing: ucaabz.htm
03.10.2014/09:39:56	Processing: ucacrx.htm
03.10.2014/09:39:56	Processing: ucacoe.htm
03.10.2014/09:39:56	Processing: ucaakr.htm
03.10.2014/09:39:56	Processing: ucabrg.htm
03.10.2014/09:39:56	Processing: uczafo.htm
03.10.2014/09:39:56	Processing: uczaks.htm
03.10.2014/09:39:56	Processing: uczadl.htm
03.10.2014/09:39:56	Processing: ucablp.htm
03.10.2014/09:39:56	Processing: ucaclo.htm
03.10.2014/09:39:56	Processing: ucabjm.htm
03.10.2014/09:39:56	Processing: ucabfy.htm
03.10.2014/09:39:56	Processing: ucabcf.htm
03.10.2014/09:39:56	Processing: ucaalp.htm
03.10.2014/09:39:56	Processing: ucaacf.htm
03.10.2014/09:39:56	Processing: ucacvw.htm
03.10.2014/09:39:56	Processing: ucachi.htm
03.10.2014/09:39:56	Processing: ucabiz.htm
03.10.2014/09:39:56	Processing: ucacqa.htm
03.10.2014/09:39:57	Processing: ucaciy.htm
03.10.2014/09:39:57	Processing: ucabkk.htm
03.10.2014/09:39:57	Processing: ucaabs.htm
03.10.2014/09:39:57	Processing: uczadw.htm
03.10.2014/09:39:57	Processing: ucaakk.htm
03.10.2014/09:39:57	Processing: ucacpn.htm
03.10.2014/09:39:57	Processing: uczafh.htm
03.10.2014/09:39:57	Processing: ucaawv.htm
03.10.2014/09:39:57	Processing: ucaayg.htm
03.10.2014/09:39:57	Processing: ucaajx.htm
03.10.2014/09:39:57	Processing: ucacht.htm
03.10.2014/09:39:57	Processing: uczaeu.htm
03.10.2014/09:39:57	Processing: ucaali.htm
03.10.2014/09:39:57	Processing: ucabkv.htm
03.10.2014/09:39:57	Processing: ucabhc.htm
03.10.2014/09:39:57	Processing: ucaaqm.htm
03.10.2014/09:39:57	Processing: ucacoi.htm
03.10.2014/09:39:57	Processing: ucachb.htm
03.10.2014/09:39:57	Processing: uczaec.htm
03.10.2014/09:39:57	Processing: ucaakv.htm
03.10.2014/09:39:57	Processing: uczafs.htm
03.10.2014/09:39:57	Processing: ucabkd.htm
03.10.2014/09:39:57	Processing: ucaccj.htm
03.10.2014/09:39:57	Processing: uczadp.htm
03.10.2014/09:39:57	Processing: ucabia.htm
03.10.2014/09:39:57	Processing: ucabay.htm
03.10.2014/09:39:57	Processing: ucaakd.htm
03.10.2014/09:39:57	Processing: ucacsz.htm
03.10.2014/09:39:57	Processing: uczafa.htm
03.10.2014/09:39:57	Processing: ucabjq.htm
03.10.2014/09:39:57	Processing: ucacuk.htm
03.10.2014/09:39:57	Processing: ucacnd.htm
03.10.2014/09:39:57	Processing: ucablb.htm
03.10.2014/09:39:57	Processing: ucaaul.htm
03.10.2014/09:39:58	Processing: ucaane.htm
03.10.2014/09:39:58	Processing: ucaajq.htm
03.10.2014/09:39:58	The link ucacsw.htm in this document has no text!
03.10.2014/09:39:58	-> 
03.10.2014/09:39:58	Processing: ucachm.htm
03.10.2014/09:39:58	Processing: uczaen.htm
03.10.2014/09:39:58	Processing: ucaazp.htm
03.10.2014/09:39:58	Processing: ucaalb.htm
03.10.2014/09:39:58	Processing: ucacmq.htm
03.10.2014/09:39:58	Processing: ucacfj.htm
03.10.2014/09:39:58	Processing: ucaabw.htm
03.10.2014/09:39:58	Processing: ucacob.htm
03.10.2014/09:39:58	Processing: ucacgz.htm
03.10.2014/09:39:58	Processing: ucabuw.htm
03.10.2014/09:39:58	Processing: uczafl.htm
03.10.2014/09:39:58	Processing: ucaawz.htm
03.10.2014/09:39:58	Processing: uczadi.htm
03.10.2014/09:39:58	Processing: ucaayk.htm
03.10.2014/09:39:58	Processing: uczaey.htm
03.10.2014/09:39:58	Processing: ucabjj.htm
03.10.2014/09:39:58	Processing: ucacji.htm
03.10.2014/09:39:58	Processing: ucaaxx.htm
03.10.2014/09:39:58	Processing: ucacsa.htm
03.10.2014/09:39:58	Processing: uczaeg.htm
03.10.2014/09:39:58	Processing: ucaakz.htm
03.10.2014/09:39:58	Processing: ucabkh.htm
03.10.2014/09:39:58	Processing: ucackg.htm
03.10.2014/09:39:58	Processing: uczadt.htm
03.10.2014/09:39:58	Processing: ucablx.htm
03.10.2014/09:39:58	Processing: ucabeq.htm
03.10.2014/09:39:58	Processing: ucaaro.htm
03.10.2014/09:39:58	Processing: ucacpk.htm
03.10.2014/09:39:58	Processing: ucacid.htm
03.10.2014/09:39:58	Processing: uczafe.htm
03.10.2014/09:39:58	Processing: ucaalx.htm
03.10.2014/09:39:58	Processing: ucacyc.htm
03.10.2014/09:39:58	Processing: uczaki.htm
03.10.2014/09:39:58	Processing: ucabhr.htm
03.10.2014/09:39:58	Processing: ucaaju.htm
03.10.2014/09:39:58	Processing: uczaer.htm
03.10.2014/09:39:58	Processing: ucabjc.htm
03.10.2014/09:39:59	Processing: ucaalf.htm
03.10.2014/09:39:59	Processing: ucacry.htm
03.10.2014/09:39:59	Processing: ucacof.htm
03.10.2014/09:39:59	Processing: ucabmd.htm
03.10.2014/09:39:59	Processing: ucaaks.htm
03.10.2014/09:39:59	Processing: ucabrh.htm
03.10.2014/09:39:59	Processing: uczafp.htm
03.10.2014/09:39:59	Processing: uczadm.htm
03.10.2014/09:39:59	Processing: ucablq.htm
03.10.2014/09:39:59	Processing: ucaaka.htm
03.10.2014/09:39:59	Processing: ucacpd.htm
03.10.2014/09:39:59	Processing: ucaclp.htm
03.10.2014/09:39:59	Processing: ucabnb.htm
03.10.2014/09:39:59	Processing: ucabjn.htm
03.10.2014/09:39:59	Processing: ucabfz.htm
03.10.2014/09:39:59	Processing: ucaawl.htm
03.10.2014/09:39:59	Processing: ucacna.htm
03.10.2014/09:39:59	Processing: ucacfy.htm
03.10.2014/09:39:59	Processing: ucaacg.htm
03.10.2014/09:39:59	Processing: uczalr.htm
03.10.2014/09:39:59	Processing: ucachj.htm
03.10.2014/09:39:59	Processing: uczaek.htm
03.10.2014/09:39:59	Processing: ucaazm.htm
03.10.2014/09:39:59	Processing: ucacqb.htm
03.10.2014/09:39:59	Processing: ucacmn.htm
03.10.2014/09:39:59	Processing: ucaciz.htm
03.10.2014/09:39:59	Processing: ucabkl.htm
03.10.2014/09:39:59	Processing: ucaabt.htm
03.10.2014/09:39:59	Processing: uczadx.htm
03.10.2014/09:39:59	Processing: uczafi.htm
03.10.2014/09:39:59	Processing: ucaaww.htm
03.10.2014/09:39:59	Processing: ucablj.htm
03.10.2014/09:39:59	Processing: ucaayh.htm
03.10.2014/09:39:59	Processing: ucaajy.htm
03.10.2014/09:39:59	Processing: ucachu.htm
03.10.2014/09:39:59	Processing: uczaev.htm
03.10.2014/09:40:00	Processing: ucabmz.htm
03.10.2014/09:40:00	Processing: ucaalj.htm
03.10.2014/09:40:00	Processing: ucacbm.htm
03.10.2014/09:40:00	Processing: ucacqm.htm
03.10.2014/09:40:00	Processing: uczajz.htm
03.10.2014/09:40:00	C:\Documentation\OM\MAIN\Docu\others\help\german\UC4\HtmlHelp\AdministrationGuide\Resources\Images\header_left.png (The system cannot find the path specified) -> C:\Documentation\OM\MAIN\Docu\others\help\german\UC4\Content\Resources\Images\header_left.png
03.10.2014/09:40:00	C:\Documentation\OM\MAIN\Docu\others\help\german\UC4\HtmlHelp\AdministrationGuide\Resources\Images\header_right.png (The system cannot find the path specified) -> C:\Documentation\OM\MAIN\Docu\others\help\german\UC4\Content\Resources\Images\header_right.png
03.10.2014/09:40:00	Processing: ucabkw.htm
03.10.2014/09:40:00	Processing: ucabdp.htm
03.10.2014/09:40:00	Processing: ucachc.htm
03.10.2014/09:40:00	Processing: uczaed.htm
03.10.2014/09:40:00	Processing: ucaakw.htm
03.10.2014/09:40:00	Processing: uczaft.htm
03.10.2014/09:40:00	Processing: ucabke.htm
03.10.2014/09:40:00	Processing: ucacyr.htm
03.10.2014/09:40:00	Processing: ucacck.htm
03.10.2014/09:40:00	Processing: uczadq.htm
03.10.2014/09:40:00	Processing: ucaben.htm
03.10.2014/09:40:00	Processing: ucabaz.htm
03.10.2014/09:40:00	Processing: ucaake.htm
03.10.2014/09:40:00	Processing: ucacia.htm
03.10.2014/09:40:00	Processing: ucacul.htm
03.10.2014/09:40:00	Processing: ucaaum.htm
03.10.2014/09:40:00	Processing: ucaajr.htm
03.10.2014/09:40:00	Processing: ucachn.htm
03.10.2014/09:40:00	Processing: ucaazq.htm
03.10.2014/09:40:00	Processing: ucacfk.htm
03.10.2014/09:40:00	Processing: ucabkp.htm
03.10.2014/09:40:00	Processing: ucaabx.htm
03.10.2014/09:40:00	Processing: ucacrv.htm
03.10.2014/09:40:00	Processing: ucacoc.htm
03.10.2014/09:40:00	Processing: ucabey.htm
03.10.2014/09:40:00	Processing: ucacas.htm
03.10.2014/09:40:00	Processing: ucabux.htm
03.10.2014/09:40:00	Processing: uczafm.htm
03.10.2014/09:40:00	Processing: ucabnq.htm
03.10.2014/09:40:00	Processing: ucacnp.htm
03.10.2014/09:40:00	Processing: uczadj.htm
03.10.2014/09:40:00	Processing: ucachy.htm
03.10.2014/09:40:00	Processing: ucabjk.htm
03.10.2014/09:40:00	Processing: ucacfv.htm
03.10.2014/09:40:00	Processing: ucacvu.htm
03.10.2014/09:40:00	Processing: ucacon.htm
03.10.2014/09:40:01	Processing: ucabix.htm
03.10.2014/09:40:01	Processing: uczadu.htm
03.10.2014/09:40:01	Processing: ucably.htm
03.10.2014/09:40:01	Processing: ucaber.htm
03.10.2014/09:40:01	Processing: ucaaki.htm
03.10.2014/09:40:01	Processing: ucacie.htm
03.10.2014/09:40:01	Processing: uczaff.htm
03.10.2014/09:40:01	Processing: ucaaly.htm
03.10.2014/09:40:01	Processing: ucaajv.htm
03.10.2014/09:40:01	Processing: ucacoy.htm
03.10.2014/09:40:01	Processing: uczaes.htm
03.10.2014/09:40:01	Processing: ucabjd.htm
03.10.2014/09:40:01	Processing: ucabkt.htm
03.10.2014/09:40:01	Processing: sys_requirements.htm
03.10.2014/09:40:01	Processing: ucacrz.htm
03.10.2014/09:40:01	Processing: ucacog.htm
03.10.2014/09:40:01	Processing: uczaea.htm
03.10.2014/09:40:01	Processing: ucaakt.htm
03.10.2014/09:40:01	Processing: ucacaw.htm
03.10.2014/09:40:01	Processing: ucabri.htm
03.10.2014/09:40:01	Processing: uczafq.htm
03.10.2014/09:40:01	Processing: ucabnu.htm
03.10.2014/09:40:01	Processing: ucaame.htm
03.10.2014/09:40:01	Processing: uczadn.htm
03.10.2014/09:40:01	Processing: ucablr.htm
03.10.2014/09:40:01	Processing: ucabek.htm
03.10.2014/09:40:01	Processing: ucaari.htm
03.10.2014/09:40:01	Processing: ucaakb.htm
03.10.2014/09:40:02	Processing: ucacui.htm
03.10.2014/09:40:02	Processing: ucabzn.htm
03.10.2014/09:40:02	Processing: uczago.htm
03.10.2014/09:40:02	Processing: ucaauj.htm
03.10.2014/09:40:02	Processing: ucabzy.htm
03.10.2014/09:40:02	Processing: uczagz.htm
03.10.2014/09:40:02	Processing: ucacsq.htm
03.10.2014/09:40:02	Processing: ucabxv.htm
03.10.2014/09:40:02	Processing: ucacjg.htm
03.10.2014/09:40:02	Processing: uczagh.htm
03.10.2014/09:40:02	Processing: ucaauc.htm
03.10.2014/09:40:02	Processing: ucabxd.htm
03.10.2014/09:40:02	Processing: uczafu.htm
03.10.2014/09:40:02	Processing: ucabcl.htm
03.10.2014/09:40:03	Processing: ucabzr.htm
03.10.2014/09:40:03	Processing: uczags.htm
03.10.2014/09:40:03	Processing: ucaaow.htm
03.10.2014/09:40:03	Processing: ucacfl.htm
03.10.2014/09:40:03	Processing: uczaga.htm
03.10.2014/09:40:03	Processing: ucaceh.htm
03.10.2014/09:40:03	Processing: ucacpt.htm
03.10.2014/09:40:03	Processing: ucabuy.htm
03.10.2014/09:40:03	Processing: ucabnr.htm
03.10.2014/09:40:03	Processing: ucacab.htm
03.10.2014/09:40:03	Processing: ucacuf.htm
03.10.2014/09:40:03	Processing: uczagl.htm
03.10.2014/09:40:03	Processing: ucaaug.htm
03.10.2014/09:40:03	Processing: ucacvv.htm
03.10.2014/09:40:03	Processing: ucabxh.htm
03.10.2014/09:40:03	Processing: ucabtt.htm
03.10.2014/09:40:03	Processing: uczafy.htm
03.10.2014/09:40:03	Processing: ucablz.htm
03.10.2014/09:40:03	Processing: ucabur.htm
03.10.2014/09:40:03	Processing: ucacnj.htm
03.10.2014/09:40:03	Processing: ucabzv.htm
03.10.2014/09:40:03	Processing: uczagw.htm
03.10.2014/09:40:03	Processing: ucablh.htm
03.10.2014/09:40:03	Processing: ucabvp.htm
03.10.2014/09:40:03	Processing: uczage.htm
03.10.2014/09:40:03	Processing: ucabnv.htm
03.10.2014/09:40:03	Processing: uczahc.htm
03.10.2014/09:40:04	Processing: ucabuk.htm
03.10.2014/09:40:04	Processing: ucabzo.htm
03.10.2014/09:40:04	Processing: uczagp.htm
03.10.2014/09:40:04	Processing: ucacvz.htm
03.10.2014/09:40:04	Processing: ucaatx.htm
03.10.2014/09:40:04	Processing: ucacoa.htm
03.10.2014/09:40:04	Processing: ucacwx.htm
03.10.2014/09:40:04	Processing: ucabno.htm
03.10.2014/09:40:04	Processing: ucabzz.htm
03.10.2014/09:40:04	Processing: uczagi.htm
03.10.2014/09:40:04	Processing: ucaaud.htm
03.10.2014/09:40:04	Processing: uczalm.htm
03.10.2014/09:40:04	Processing: ucache.htm
03.10.2014/09:40:04	Processing: ucaazh.htm
03.10.2014/09:40:04	Processing: ucabyu.htm
03.10.2014/09:40:04	Processing: uczafv.htm
03.10.2014/09:40:04	Processing: ucacrm.htm
03.10.2014/09:40:04	Processing: ucabcm.htm
03.10.2014/09:40:04	Processing: ucabzs.htm
03.10.2014/09:40:04	Processing: uczagt.htm
03.10.2014/09:40:04	Processing: ucacfm.htm
03.10.2014/09:40:04	Processing: uczagb.htm
03.10.2014/09:40:04	Processing: ucacei.htm
03.10.2014/09:40:04	Processing: ucacez.htm
03.10.2014/09:40:04	Processing: ucacac.htm
03.10.2014/09:40:04	Processing: ucacug.htm
03.10.2014/09:40:04	Processing: ucabzl.htm
03.10.2014/09:40:04	Processing: uczaka.htm
03.10.2014/09:40:04	C:\Documentation\OM\MAIN\Docu\others\help\german\UC4\HtmlHelp\InsideAutomationEngine\Resources\Images\header_left.png (The system cannot find the path specified) -> C:\Documentation\OM\MAIN\Docu\others\help\german\UC4\Content\Resources\Images\header_left.png
03.10.2014/09:40:04	C:\Documentation\OM\MAIN\Docu\others\help\german\UC4\HtmlHelp\InsideAutomationEngine\Resources\Images\header_right.png (The system cannot find the path specified) -> C:\Documentation\OM\MAIN\Docu\others\help\german\UC4\Content\Resources\Images\header_right.png
03.10.2014/09:40:04	Processing: ucabse.htm
03.10.2014/09:40:05	Processing: uczagm.htm
03.10.2014/09:40:05	Processing: ucaauh.htm
03.10.2014/09:40:05	Processing: uczafz.htm
03.10.2014/09:40:05	Processing: ucackj.htm
03.10.2014/09:40:05	Processing: ucabnl.htm
03.10.2014/09:40:05	Processing: ucacnk.htm
03.10.2014/09:40:05	Processing: ucabzw.htm
03.10.2014/09:40:05	Processing: ucabwd.htm
03.10.2014/09:40:05	Processing: uczakl.htm
03.10.2014/09:40:05	Processing: uczagx.htm
03.10.2014/09:40:05	Processing: ucabvq.htm
03.10.2014/09:40:05	Processing: uczagf.htm
03.10.2014/09:40:05	Processing: ucaaua.htm
03.10.2014/09:40:05	Processing: ucabyr.htm
03.10.2014/09:40:05	Processing: ucabnw.htm
03.10.2014/09:40:05	Processing: ucacyq.htm
03.10.2014/09:40:05	Processing: ucablt.htm
03.10.2014/09:40:05	Processing: ucabcj.htm
03.10.2014/09:40:05	Processing: ucabzp.htm
03.10.2014/09:40:05	Processing: uczagq.htm
03.10.2014/09:40:05	Processing: ucaaty.htm
03.10.2014/09:40:05	Processing: ucabnp.htm
03.10.2014/09:40:05	Processing: uczagj.htm
03.10.2014/09:40:05	Processing: ucaaue.htm
03.10.2014/09:40:05	Processing: ucacda.htm
03.10.2014/09:40:05	Processing: uczaln.htm
03.10.2014/09:40:05	Processing: ucachf.htm
03.10.2014/09:40:05	Processing: ucactq.htm
03.10.2014/09:40:05	Processing: ucabvc.htm
03.10.2014/09:40:05	Processing: uczafw.htm
03.10.2014/09:40:05	Processing: ucacrn.htm
03.10.2014/09:40:05	Processing: ucabcn.htm
03.10.2014/09:40:05	Processing: ucacnh.htm
03.10.2014/09:40:06	Processing: ucabzt.htm
03.10.2014/09:40:06	Processing: uczagu.htm
03.10.2014/09:40:06	Processing: ucabqj.htm
03.10.2014/09:40:06	Processing: ucacmu.htm
03.10.2014/09:40:06	Processing: ucabvn.htm
03.10.2014/09:40:06	Processing: uczagc.htm
03.10.2014/09:40:06	Processing: uczalg.htm
03.10.2014/09:40:06	Processing: uczaha.htm
03.10.2014/09:40:06	Processing: ucacad.htm
03.10.2014/09:40:06	Processing: ucacuh.htm
03.10.2014/09:40:06	Processing: ucabzm.htm
03.10.2014/09:40:06	Processing: ucabvy.htm
03.10.2014/09:40:06	Processing: uczagn.htm
03.10.2014/09:40:06	Processing: ucaaui.htm
03.10.2014/09:40:06	Processing: ucabra.htm
03.10.2014/09:40:06	Processing: ucabnm.htm
03.10.2014/09:40:06	Processing: ucacnl.htm
03.10.2014/09:40:06	Processing: ucabzx.htm
03.10.2014/09:40:06	ERROR: Link ucaatr.htm does not belong to a chapter!
03.10.2014/09:40:06	Processing: uczagy.htm
03.10.2014/09:40:06	Processing: ucacsp.htm
03.10.2014/09:40:06	Processing: ucabxu.htm
03.10.2014/09:40:06	Processing: ucacmy.htm
03.10.2014/09:40:06	Processing: ucacfr.htm
03.10.2014/09:40:06	Processing: uczagg.htm
03.10.2014/09:40:06	Processing: ucaaub.htm
03.10.2014/09:40:06	Processing: ucablu.htm
03.10.2014/09:40:06	Processing: ucabck.htm
03.10.2014/09:40:06	Processing: ucabzq.htm
03.10.2014/09:40:06	Processing: uczagr.htm
03.10.2014/09:40:06	Processing: ucaatz.htm
03.10.2014/09:40:06	Processing: ucabma.htm
03.10.2014/09:40:06	Processing: ucacps.htm
03.10.2014/09:40:06	Processing: ucabyl.htm
03.10.2014/09:40:06	Processing: uczakq.htm
03.10.2014/09:40:06	Processing: ucacaa.htm
03.10.2014/09:40:07	Processing: ucacue.htm
03.10.2014/09:40:07	Processing: ucabvv.htm
03.10.2014/09:40:07	Processing: uczagk.htm
03.10.2014/09:40:07	Processing: ucaauf.htm
03.10.2014/09:40:07	Processing: ucaciw.htm
03.10.2014/09:40:07	Processing: uczafx.htm
03.10.2014/09:40:07	Processing: ucacni.htm
03.10.2014/09:40:07	Processing: ucabzu.htm
03.10.2014/09:40:07	Processing: uczagv.htm
03.10.2014/09:40:07	Processing: ucabzc.htm
03.10.2014/09:40:07	Processing: ucabvo.htm
03.10.2014/09:40:07	Processing: uczagd.htm
03.10.2014/09:40:07	Processing: uczahb.htm
03.10.2014/09:40:07	Processing: uczakc.htm
03.10.2014/09:40:07	C:\Documentation\OM\MAIN\Docu\others\help\german\UC4\HtmlHelp\SampleCollectionGuide\Resources\Images\header_left.png (The system cannot find the path specified) -> C:\Documentation\OM\MAIN\Docu\others\help\german\UC4\Content\Resources\Images\header_left.png
03.10.2014/09:40:07	C:\Documentation\OM\MAIN\Docu\others\help\german\UC4\HtmlHelp\SampleCollectionGuide\Resources\Images\header_right.png (The system cannot find the path specified) -> C:\Documentation\OM\MAIN\Docu\others\help\german\UC4\Content\Resources\Images\header_right.png
03.10.2014/09:40:07	Processing: ucacut.htm
03.10.2014/09:40:08	Processing: ucacfa.htm
03.10.2014/09:40:08	Processing: ucabng.htm
03.10.2014/09:40:08	Processing: ucabnk.htm
03.10.2014/09:40:08	Processing: ucacvo.htm
03.10.2014/09:40:08	Processing: ucacuu.htm
03.10.2014/09:40:08	Processing: ucaccm.htm
03.10.2014/09:40:08	Processing: ucabrr.htm
03.10.2014/09:40:08	Processing: ucabne.htm
03.10.2014/09:40:08	Processing: ucabni.htm
03.10.2014/09:40:08	Processing: ucacle.htm
03.10.2014/09:40:08	Processing: ucabrs.htm
03.10.2014/09:40:08	Processing: ucabnf.htm
03.10.2014/09:40:08	Processing: ucabnj.htm
03.10.2014/09:40:08	Processing: ucabmw.htm
03.10.2014/09:40:08	Processing: ucackl.htm
03.10.2014/09:40:08	Processing: ucacmt.htm
03.10.2014/09:40:08	Processing: ucacmm.htm
03.10.2014/09:40:08	Processing: uczakb.htm
03.10.2014/09:40:09	C:\Documentation\OM\MAIN\Docu\others\help\german\UC4\HtmlHelp\BestPracticesGuide\Resources\Images\header_left.png (The system cannot find the path specified) -> C:\Documentation\OM\MAIN\Docu\others\help\german\UC4\Content\Resources\Images\header_left.png
03.10.2014/09:40:09	C:\Documentation\OM\MAIN\Docu\others\help\german\UC4\HtmlHelp\BestPracticesGuide\Resources\Images\header_right.png (The system cannot find the path specified) -> C:\Documentation\OM\MAIN\Docu\others\help\german\UC4\Content\Resources\Images\header_right.png
03.10.2014/09:40:09	Processing: ucacli.htm
03.10.2014/09:40:09	Processing: ucacjf.htm
03.10.2014/09:40:09	Processing: ucacpa.htm
03.10.2014/09:40:09	Processing: ucacnt.htm
03.10.2014/09:40:09	Processing: ucabgy.htm
03.10.2014/09:40:09	Processing: ucacyz.htm
03.10.2014/09:40:09	Processing: ucacrs.htm
03.10.2014/09:40:09	Processing: uczahm.htm
03.10.2014/09:40:09	Processing: ucaawx.htm
03.10.2014/09:40:09	Processing: ucaayi.htm
03.10.2014/09:40:09	Processing: uczahf.htm
03.10.2014/09:40:09	Processing: ucaajs.htm
03.10.2014/09:40:09	Processing: ucabmt.htm
03.10.2014/09:40:09	Processing: uczahq.htm
03.10.2014/09:40:09	Processing: ucaadj.htm
03.10.2014/09:40:09	Processing: ucacim.htm
03.10.2014/09:40:09	Processing: ucabgk.htm
03.10.2014/09:40:09	Processing: uczakr.htm
03.10.2014/09:40:09	Processing: ucabqa.htm
03.10.2014/09:40:10	Processing: ucacfe.htm
03.10.2014/09:40:10	Processing: ucabdc.htm
03.10.2014/09:40:10	Processing: uczahj.htm
03.10.2014/09:40:10	Processing: ucacif.htm
03.10.2014/09:40:10	Processing: uczakk.htm
03.10.2014/09:40:10	Processing: ucachs.htm
03.10.2014/09:40:10	Processing: ucabhb.htm
03.10.2014/09:40:10	Processing: ucabpy.htm
03.10.2014/09:40:10	Processing: ucaciq.htm
03.10.2014/09:40:10	Processing: ucabgo.htm
03.10.2014/09:40:10	Processing: ucacwm.htm
03.10.2014/09:40:10	Processing: ucabci.htm
03.10.2014/09:40:10	Processing: uczakd.htm
03.10.2014/09:40:10	C:\Documentation\OM\MAIN\Docu\others\help\german\UC4\HtmlHelp\ApplicationIntegrationGuide\Resources\Images\header_left.png (The system cannot find the path specified) -> C:\Documentation\OM\MAIN\Docu\others\help\german\UC4\Content\Resources\Images\header_left.png
03.10.2014/09:40:10	C:\Documentation\OM\MAIN\Docu\others\help\german\UC4\HtmlHelp\ApplicationIntegrationGuide\Resources\Images\header_right.png (The system cannot find the path specified) -> C:\Documentation\OM\MAIN\Docu\others\help\german\UC4\Content\Resources\Images\header_right.png
03.10.2014/09:40:10	Processing: ucabmq.htm
03.10.2014/09:40:10	Processing: ucabgz.htm
03.10.2014/09:40:10	Processing: ucacrt.htm
03.10.2014/09:40:10	Processing: uczahn.htm
03.10.2014/09:40:10	Processing: ucaaxw.htm
03.10.2014/09:40:10	Processing: ucacyt.htm
03.10.2014/09:40:10	Processing: uczahg.htm
03.10.2014/09:40:10	Processing: ucachp.htm
03.10.2014/09:40:10	Processing: ucaaox.htm
03.10.2014/09:40:10	Processing: ucacja.htm
03.10.2014/09:40:10	Processing: uczahr.htm
03.10.2014/09:40:10	Processing: ucabmc.htm
03.10.2014/09:40:10	Processing: ucacin.htm
03.10.2014/09:40:10	Processing: ucabgl.htm
03.10.2014/09:40:10	Processing: ucabqb.htm
03.10.2014/09:40:10	Processing: ucacff.htm
03.10.2014/09:40:10	Processing: uczahk.htm
03.10.2014/09:40:10	Processing: ucabpz.htm
03.10.2014/09:40:10	Processing: ucacir.htm
03.10.2014/09:40:10	Processing: ucabgp.htm
03.10.2014/09:40:10	Processing: uczalu.htm
03.10.2014/09:40:10	Processing: ucabmr.htm
03.10.2014/09:40:10	Processing: uczaho.htm
03.10.2014/09:40:10	Processing: ucaadh.htm
03.10.2014/09:40:10	Processing: ucacno.htm
03.10.2014/09:40:10	Processing: uczahh.htm
03.10.2014/09:40:11	Processing: ucachq.htm
03.10.2014/09:40:11	Processing: ucabmv.htm
03.10.2014/09:40:11	Processing: ucaaoy.htm
03.10.2014/09:40:11	Processing: ucacio.htm
03.10.2014/09:40:11	Processing: ucabnt.htm
03.10.2014/09:40:11	Processing: ucabgm.htm
03.10.2014/09:40:11	Processing: ucabqc.htm
03.10.2014/09:40:11	Processing: ucacfg.htm
03.10.2014/09:40:11	Processing: ucabde.htm
03.10.2014/09:40:11	Processing: ucacrr.htm
03.10.2014/09:40:11	Processing: ucackk.htm
03.10.2014/09:40:11	Processing: uczahe.htm
03.10.2014/09:40:11	Processing: ucabms.htm
03.10.2014/09:40:11	Processing: ucacqf.htm
03.10.2014/09:40:11	Processing: uczahp.htm
03.10.2014/09:40:11	Processing: ucaadi.htm
03.10.2014/09:40:11	Processing: ucacil.htm
03.10.2014/09:40:11	Processing: ucabre.htm
03.10.2014/09:40:11	Processing: ucabhh.htm
03.10.2014/09:40:11	Processing: uczahi.htm
03.10.2014/09:40:11	Processing: ucacpl.htm
03.10.2014/09:40:11	Processing: ucachr.htm
03.10.2014/09:40:11	Processing: ucaaoz.htm
03.10.2014/09:40:11	Processing: ucacbj.htm
03.10.2014/09:40:11	Processing: ucabha.htm
03.10.2014/09:40:11	Processing: ucabpx.htm
03.10.2014/09:40:11	Processing: ucacip.htm
03.10.2014/09:40:11	Processing: ucabgn.htm
03.10.2014/09:40:12	Processing: ucacpe.htm
03.10.2014/09:40:12	Processing: ucaclq.htm
03.10.2014/09:40:12	Processing: uczair.htm
03.10.2014/09:40:12	Processing: ucacnb.htm
03.10.2014/09:40:12	Processing: ucacjn.htm
03.10.2014/09:40:12	Processing: ucacvy.htm
03.10.2014/09:40:12	Processing: ucaahl.htm
03.10.2014/09:40:12	Processing: ucacbc.htm
03.10.2014/09:40:12	Processing: uczajp.htm
03.10.2014/09:40:12	Processing: ucaaqd.htm
03.10.2014/09:40:12	Processing: ucacgx.htm
03.10.2014/09:40:12	Processing: ucactd.htm
03.10.2014/09:40:12	Processing: ucacnm.htm
03.10.2014/09:40:12	Processing: ucacgf.htm
03.10.2014/09:40:12	Processing: ucaclj.htm
03.10.2014/09:40:12	Processing: uczaik.htm
03.10.2014/09:40:12	Processing: ucaalk.htm
03.10.2014/09:40:12	Processing: ucacmz.htm
03.10.2014/09:40:12	Processing: ucacok.htm
03.10.2014/09:40:12	Processing: ucabfb.htm
03.10.2014/09:40:12	Processing: ucaavs.htm
03.10.2014/09:40:12	Processing: uczaji.htm
03.10.2014/09:40:12	Processing: ucaami.htm
03.10.2014/09:40:13	Processing: ucacnx.htm
03.10.2014/09:40:13	Processing: ucacgq.htm
03.10.2014/09:40:13	Processing: ucaarm.htm
03.10.2014/09:40:13	Processing: uczaiv.htm
03.10.2014/09:40:13	Processing: ucaalv.htm
03.10.2014/09:40:13	Processing: ucacjr.htm
03.10.2014/09:40:13	Processing: uczakg.htm
03.10.2014/09:40:13	Processing: ucaclc.htm
03.10.2014/09:40:13	Processing: ucacho.htm
03.10.2014/09:40:13	Processing: uczaid.htm
03.10.2014/09:40:13	Processing: ucabqh.htm
03.10.2014/09:40:13	Processing: ucaavl.htm
03.10.2014/09:40:13	Processing: ucaakq.htm
03.10.2014/09:40:13	Processing: ucacth.htm
03.10.2014/09:40:13	Processing: ucacma.htm
03.10.2014/09:40:13	Processing: uczajb.htm
03.10.2014/09:40:13	Processing: ucaamb.htm
03.10.2014/09:40:13	Processing: ucacnq.htm
03.10.2014/09:40:13	Processing: ucacgj.htm
03.10.2014/09:40:13	Processing: uczaio.htm
03.10.2014/09:40:13	Processing: ucabzk.htm
03.10.2014/09:40:13	Processing: ucabsd.htm
03.10.2014/09:40:13	Processing: ucabbr.htm
03.10.2014/09:40:13	Processing: ucacix.htm
03.10.2014/09:40:13	Processing: uczajm.htm
03.10.2014/09:40:14	Processing: ucaamm.htm
03.10.2014/09:40:14	Processing: ucacgu.htm
03.10.2014/09:40:14	Processing: uczaiz.htm
03.10.2014/09:40:14	Processing: ucaalz.htm
03.10.2014/09:40:14	Processing: ucacgc.htm
03.10.2014/09:40:14	Processing: ucacdn.htm
03.10.2014/09:40:14	Processing: uczaih.htm
03.10.2014/09:40:14	Processing: ucacmw.htm
03.10.2014/09:40:14	Processing: ucaamx.htm
03.10.2014/09:40:14	Processing: uczahu.htm
03.10.2014/09:40:14	Processing: ucaazd.htm
03.10.2014/09:40:14	Processing: ucaavp.htm
03.10.2014/09:40:14	Processing: ucabrj.htm
03.10.2014/09:40:14	Processing: ucaaxa.htm
03.10.2014/09:40:14	Processing: ucacnu.htm
03.10.2014/09:40:14	Processing: ucacgn.htm
03.10.2014/09:40:14	Processing: ucacpf.htm
03.10.2014/09:40:14	Processing: uczais.htm
03.10.2014/09:40:14	Processing: ucabqw.htm
03.10.2014/09:40:14	Processing: ucaauk.htm
03.10.2014/09:40:14	Processing: ucaajp.htm
03.10.2014/09:40:14	Processing: uczalt.htm
03.10.2014/09:40:14	Processing: uczaia.htm
03.10.2014/09:40:14	Processing: uczajq.htm
03.10.2014/09:40:14	Processing: ucaaqe.htm
03.10.2014/09:40:14	Processing: ucaamq.htm
03.10.2014/09:40:14	Processing: ucacpq.htm
03.10.2014/09:40:14	Processing: ucabrc.htm
03.10.2014/09:40:15	Processing: ucabll.htm
03.10.2014/09:40:15	Processing: ucacdr.htm
03.10.2014/09:40:15	Processing: uczail.htm
03.10.2014/09:40:15	Processing: ucaall.htm
03.10.2014/09:40:15	Processing: ucacxv.htm
03.10.2014/09:40:15	Processing: ucabsa.htm
03.10.2014/09:40:15	Processing: ucaavt.htm
03.10.2014/09:40:15	Processing: uczajj.htm
03.10.2014/09:40:15	Processing: ucacfb.htm
03.10.2014/09:40:15	Processing: ucacny.htm
03.10.2014/09:40:15	Processing: ucacgr.htm
03.10.2014/09:40:15	Processing: uczaiw.htm
03.10.2014/09:40:15	Processing: ucacyb.htm
03.10.2014/09:40:15	Processing: ucacjs.htm
03.10.2014/09:40:15	Processing: uczaie.htm
03.10.2014/09:40:15	Processing: ucabqi.htm
03.10.2014/09:40:15	Processing: ucaamu.htm
03.10.2014/09:40:15	Processing: ucaavm.htm
03.10.2014/09:40:15	Processing: ucacmb.htm
03.10.2014/09:40:15	Processing: uczajc.htm
03.10.2014/09:40:15	Processing: ucaamc.htm
03.10.2014/09:40:15	Processing: ucacgk.htm
03.10.2014/09:40:15	Processing: ucacsv.htm
03.10.2014/09:40:15	Processing: ucacpc.htm
03.10.2014/09:40:15	Processing: uczaip.htm
03.10.2014/09:40:16	Processing: ucabna.htm
03.10.2014/09:40:16	Processing: ucaana.htm
03.10.2014/09:40:16	Processing: ucacop.htm
03.10.2014/09:40:16	Processing: ucaahj.htm
03.10.2014/09:40:16	Processing: uczajn.htm
03.10.2014/09:40:16	Processing: ucaamn.htm
03.10.2014/09:40:16	Processing: ucacrq.htm
03.10.2014/09:40:16	Processing: ucacgv.htm
03.10.2014/09:40:16	Processing: ucabli.htm
03.10.2014/09:40:16	Processing: uczaii.htm
03.10.2014/09:40:16	Processing: ucacbl.htm
03.10.2014/09:40:16	Processing: ucacmx.htm
03.10.2014/09:40:16	Processing: ucacje.htm
03.10.2014/09:40:16	Processing: ucaamy.htm
03.10.2014/09:40:16	Processing: ucaafr.htm
03.10.2014/09:40:16	Processing: uczahv.htm
03.10.2014/09:40:17	Processing: ucaaze.htm
03.10.2014/09:40:17	Processing: ucaavq.htm
03.10.2014/09:40:17	Processing: ucactm.htm
03.10.2014/09:40:17	Processing: uczajg.htm
03.10.2014/09:40:17	Processing: ucabrk.htm
03.10.2014/09:40:17	Processing: ucacnv.htm
03.10.2014/09:40:17	Processing: ucacgo.htm
03.10.2014/09:40:17	Processing: ucacwn.htm
03.10.2014/09:40:17	Processing: uczait.htm
03.10.2014/09:40:17	Processing: uczake.htm
03.10.2014/09:40:17	C:\Documentation\OM\MAIN\Docu\others\help\german\UC4\HtmlHelp\KnowledgeBase\Resources\Images\header_left.png (The system cannot find the path specified) -> C:\Documentation\OM\MAIN\Docu\others\help\german\UC4\Content\Resources\Images\header_left.png
03.10.2014/09:40:17	C:\Documentation\OM\MAIN\Docu\others\help\german\UC4\HtmlHelp\KnowledgeBase\Resources\Images\header_right.png (The system cannot find the path specified) -> C:\Documentation\OM\MAIN\Docu\others\help\german\UC4\Content\Resources\Images\header_right.png
03.10.2014/09:40:17	Processing: ucacla.htm
03.10.2014/09:40:17	Processing: ucabqf.htm
03.10.2014/09:40:17	Processing: ucaaqf.htm
03.10.2014/09:40:17	Processing: ucaamr.htm
03.10.2014/09:40:17	Processing: ucacru.htm
03.10.2014/09:40:17	Processing: ucackn.htm
03.10.2014/09:40:17	Processing: ucacpr.htm
03.10.2014/09:40:17	Processing: ucacgh.htm
03.10.2014/09:40:17	Processing: ucablm.htm
03.10.2014/09:40:17	Processing: uczaim.htm
03.10.2014/09:40:17	Processing: ucaalm.htm
03.10.2014/09:40:17	Processing: ucacxw.htm
03.10.2014/09:40:17	Processing: ucabsb.htm
03.10.2014/09:40:18	Processing: ucacom.htm
03.10.2014/09:40:18	Processing: ucacky.htm
03.10.2014/09:40:18	Processing: uczahz.htm
03.10.2014/09:40:18	Processing: ucaavu.htm
03.10.2014/09:40:18	Processing: uczajk.htm
03.10.2014/09:40:18	Processing: ucacnz.htm
03.10.2014/09:40:18	Processing: ucacgs.htm
03.10.2014/09:40:18	Processing: uczaix.htm
03.10.2014/09:40:18	Processing: ucacga.htm
03.10.2014/09:40:18	Processing: ucaayd.htm
03.10.2014/09:40:18	Processing: uczaif.htm
03.10.2014/09:40:18	Processing: ucacbi.htm
03.10.2014/09:40:18	Processing: ucaamv.htm
03.10.2014/09:40:18	Processing: ucackr.htm
03.10.2014/09:40:18	Processing: uczahs.htm
03.10.2014/09:40:18	Processing: ucaavn.htm
03.10.2014/09:40:18	Processing: ucaamd.htm
03.10.2014/09:40:18	Processing: ucacgl.htm
03.10.2014/09:40:18	Processing: ucacsw.htm
03.10.2014/09:40:18	Processing: uczaiq.htm
03.10.2014/09:40:18	Processing: ucaalq.htm
03.10.2014/09:40:18	Processing: ucacbt.htm
03.10.2014/09:40:18	Processing: ucacjm.htm
03.10.2014/09:40:18	Processing: ucaanb.htm
03.10.2014/09:40:18	Processing: ucacvx.htm
03.10.2014/09:40:18	Processing: ucaahk.htm
03.10.2014/09:40:18	Processing: ucactu.htm
03.10.2014/09:40:19	Processing: uczajo.htm
03.10.2014/09:40:19	Processing: ucaaqc.htm
03.10.2014/09:40:19	Processing: ucaamo.htm
03.10.2014/09:40:19	Processing: ucacgw.htm
03.10.2014/09:40:19	Processing: ucacpo.htm
03.10.2014/09:40:19	Processing: ucacge.htm
03.10.2014/09:40:19	Processing: ucabec.htm
03.10.2014/09:40:19	Processing: ucacdp.htm
03.10.2014/09:40:19	Processing: uczaij.htm
03.10.2014/09:40:19	Processing: ucacoj.htm
03.10.2014/09:40:19	Processing: uczalk.htm
03.10.2014/09:40:19	Processing: uczahw.htm
03.10.2014/09:40:19	Processing: ucaavr.htm
03.10.2014/09:40:19	Processing: ucactn.htm
03.10.2014/09:40:19	Processing: ucacpz.htm
03.10.2014/09:40:19	Processing: uczajh.htm
03.10.2014/09:40:19	Processing: ucabrl.htm
03.10.2014/09:40:19	Processing: ucabnx.htm
03.10.2014/09:40:19	Processing: ucacrk.htm
03.10.2014/09:40:19	Processing: ucacnw.htm
03.10.2014/09:40:19	Processing: ucacgp.htm
03.10.2014/09:40:19	Processing: uczaiu.htm
03.10.2014/09:40:19	Processing: ucaalu.htm
03.10.2014/09:40:19	Processing: ucacne.htm
03.10.2014/09:40:19	Processing: ucabqg.htm
03.10.2014/09:40:19	Processing: ucaams.htm
03.10.2014/09:40:19	Processing: ucaavk.htm
03.10.2014/09:40:19	Processing: ucaakp.htm
03.10.2014/09:40:19	Processing: uczaja.htm
03.10.2014/09:40:19	Processing: ucaama.htm
03.10.2014/09:40:19	Processing: ucacgi.htm
03.10.2014/09:40:19	Processing: uczain.htm
03.10.2014/09:40:20	Processing: ucaaln.htm
03.10.2014/09:40:20	Processing: ucackz.htm
03.10.2014/09:40:20	Processing: uczajl.htm
03.10.2014/09:40:20	Processing: ucacro.htm
03.10.2014/09:40:20	Processing: ucackh.htm
03.10.2014/09:40:20	Processing: ucacgt.htm
03.10.2014/09:40:20	Processing: ucacws.htm
03.10.2014/09:40:20	Processing: uczaiy.htm
03.10.2014/09:40:20	Processing: ucaaye.htm
03.10.2014/09:40:20	Processing: uczaig.htm
03.10.2014/09:40:20	Processing: ucabqk.htm
03.10.2014/09:40:20	Processing: ucaalg.htm
03.10.2014/09:40:20	Processing: ucaamw.htm
03.10.2014/09:40:20	Processing: ucacks.htm
03.10.2014/09:40:20	Processing: uczaht.htm
03.10.2014/09:40:20	Processing: ucaavo.htm
03.10.2014/09:40:20	Processing: ucacgm.htm
03.10.2014/09:40:20	Processing: ucaayp.htm
03.10.2014/09:40:20	Processing: uc110a.htm
03.10.2014/09:40:20	Processing: ucaaja.htm
03.10.2014/09:40:20	Processing: uc600a.htm
03.10.2014/09:40:21	Processing: ucacxg.htm
03.10.2014/09:40:21	Processing: uc900a.htm
03.10.2014/09:40:21	The link ucaafh.htm in this document has no text!
03.10.2014/09:40:21	-> 
03.10.2014/09:40:21	Processing: uc910a.htm
03.10.2014/09:40:21	Processing: ucacfc.htm
03.10.2014/09:40:21	Processing: uczaly.htm
03.10.2014/09:40:21	Processing: uc500a.htm
03.10.2014/09:40:21	Processing: uczakt.htm
03.10.2014/09:40:21	Processing: ucaaxj.htm
03.10.2014/09:40:21	Processing: uczakf.htm
03.10.2014/09:40:21	C:\Documentation\OM\MAIN\Docu\others\help\german\UC4\HtmlHelp\ReleaseNotes\Resources\Images\header_left.png (The system cannot find the path specified) -> C:\Documentation\OM\MAIN\Docu\others\help\german\UC4\Content\Resources\Images\header_left.png
03.10.2014/09:40:21	C:\Documentation\OM\MAIN\Docu\others\help\german\UC4\HtmlHelp\ReleaseNotes\Resources\Images\header_right.png (The system cannot find the path specified) -> C:\Documentation\OM\MAIN\Docu\others\help\german\UC4\Content\Resources\Images\header_right.png
03.10.2014/09:40:21	Processing: uczalv.htm
03.10.2014/09:40:21	Processing: uc800a.htm
03.10.2014/09:40:21	Processing: uczala.htm
03.10.2014/09:40:21	Processing: ucsabh.htm
03.10.2014/09:40:21	Processing: ucsaau.htm
03.10.2014/09:40:21	Processing: uczaky.htm
03.10.2014/09:40:21	Processing: ucsaan.htm
03.10.2014/09:40:21	Processing: ucsaay.htm
03.10.2014/09:40:22	Processing: ucsaag.htm
03.10.2014/09:40:22	Processing: ucsaar.htm
03.10.2014/09:40:22	Processing: uczakv.htm
03.10.2014/09:40:22	Processing: ucsaak.htm
03.10.2014/09:40:22	Processing: uczalb.htm
03.10.2014/09:40:22	Processing: ucsabi.htm
03.10.2014/09:40:22	Processing: ucsaav.htm
03.10.2014/09:40:22	Processing: uczakz.htm
03.10.2014/09:40:22	Processing: ucsabb.htm
03.10.2014/09:40:22	Processing: ucsaao.htm
03.10.2014/09:40:22	Processing: ucsaaz.htm
03.10.2014/09:40:22	Processing: ucsaah.htm
03.10.2014/09:40:22	Processing: ucsaas.htm
03.10.2014/09:40:22	Processing: uczakw.htm
03.10.2014/09:40:22	Processing: ucsaal.htm
03.10.2014/09:40:22	Processing: uczalc.htm
03.10.2014/09:40:22	Processing: ucsabj.htm
03.10.2014/09:40:22	Processing: ucacuv.htm
03.10.2014/09:40:22	Processing: ucsaaw.htm
03.10.2014/09:40:22	Processing: ucsaae.htm
03.10.2014/09:40:22	Processing: ucsabc.htm
03.10.2014/09:40:22	Processing: ucsaap.htm
03.10.2014/09:40:22	Processing: ucsabg.htm
03.10.2014/09:40:22	Processing: ucsaat.htm
03.10.2014/09:40:22	Processing: ucsaab.htm
03.10.2014/09:40:22	Processing: uczakx.htm
03.10.2014/09:40:22	Processing: uczald.htm
03.10.2014/09:40:22	C:\Documentation\OM\MAIN\Docu\others\help\german\UC4\HtmlHelp\ProcessAnalytics\Resources\Images\header_left.png (The system cannot find the path specified) -> C:\Documentation\OM\MAIN\Docu\others\help\german\UC4\Content\Resources\Images\header_left.png
03.10.2014/09:40:22	C:\Documentation\OM\MAIN\Docu\others\help\german\UC4\HtmlHelp\ProcessAnalytics\Resources\Images\header_right.png (The system cannot find the path specified) -> C:\Documentation\OM\MAIN\Docu\others\help\german\UC4\Content\Resources\Images\header_right.png
03.10.2014/09:40:22	Processing: ucsabk.htm
03.10.2014/09:40:22	Processing: ucsaax.htm
03.10.2014/09:40:22	Processing: ucsaaf.htm
03.10.2014/09:40:22	Processing: ucsabd.htm
03.10.2014/09:40:22	Processing: ucsaaq.htm
03.10.2014/09:40:23	Processing: ucsabo.htm
03.10.2014/09:40:23	Processing: uczaku.htm
03.10.2014/09:40:23	Start to build the HHC files...
03.10.2014/09:40:24	Processing: ucabqv.htm
03.10.2014/09:40:24	Processing: ucaapf.htm
03.10.2014/09:40:24	Processing: ucacfz.htm
03.10.2014/09:40:24	ERROR: Link ucaayl.htm does not belong to a chapter!
03.10.2014/09:40:24	Processing: ucaajo.htm
03.10.2014/09:40:24	Processing: ucabhw.htm
03.10.2014/09:40:24	Processing: ucaajz.htm
03.10.2014/09:40:24	Processing: ucabrm.htm
03.10.2014/09:40:24	Processing: ucabgr.htm
03.10.2014/09:40:24	Processing: ucabeo.htm
03.10.2014/09:40:24	Processing: uczajt.htm
03.10.2014/09:40:24	Processing: uczale.htm
03.10.2014/09:40:24	Processing: ucaaxh.htm
03.10.2014/09:40:24	Processing: ucsabe.htm
03.10.2014/09:40:24	Processing: ucackt.htm
03.10.2014/09:40:24	Processing: uczali.htm
03.10.2014/09:40:24	Processing: uczajf.htm
03.10.2014/09:40:24	Processing: ucaaxl.htm
03.10.2014/09:40:24	Processing: ucabhx.htm
03.10.2014/09:40:24	Processing: ucacun.htm
03.10.2014/09:40:24	The link ucaaeh.htm in this document has no text!
03.10.2014/09:40:24	-> 
03.10.2014/09:40:24	Processing: uczaju.htm
03.10.2014/09:40:24	Processing: uczalq.htm
03.10.2014/09:40:24	Processing: ucaaac.htm
03.10.2014/09:40:24	Processing: ucacxh.htm
03.10.2014/09:40:24	Processing: ucaaxi.htm
03.10.2014/09:40:24	Processing: ucsabf.htm
03.10.2014/09:40:24	Processing: ucacku.htm
03.10.2014/09:40:24	Processing: uczahd.htm
03.10.2014/09:40:25	Processing: ucacdz.htm
03.10.2014/09:40:25	Processing: uczajr.htm
03.10.2014/09:40:25	Processing: ucaaxm.htm
03.10.2014/09:40:25	Processing: ucabhy.htm
03.10.2014/09:40:25	Processing: uczama.htm
03.10.2014/09:40:25	Processing: ucachx.htm
03.10.2014/09:40:25	Processing: ucaagb.htm
03.10.2014/09:40:25	Processing: uczajv.htm
03.10.2014/09:40:25	Processing: ucaaog.htm
03.10.2014/09:40:25	Processing: ucabgx.htm
03.10.2014/09:40:25	Processing: ucabhv.htm
03.10.2014/09:40:25	Processing: ucabgq.htm
03.10.2014/09:40:25	Processing: uczajs.htm
03.10.2014/09:40:25	Processing: ucabeg.htm
03.10.2014/09:40:25	Processing: uczaeh.htm
03.10.2014/09:40:25	Processing: ucsabv.htm
03.10.2014/09:40:25	Processing: ucaagc.htm
03.10.2014/09:40:25	Processing: uczalz.htm
03.10.2014/09:40:25	Processing: ucacpw.htm
03.10.2014/09:40:25	Processing: uczaje.htm
03.10.2014/09:40:25	--- THE END ---
